Archive member included to satisfy reference by file (symbol)

/usr/lib/gcc/arm-none-eabi/14.1.0/../../../../arm-none-eabi/lib/thumb/v7-m/nofp/libm.a(libm_a-w_pow.o)
                              mmlib/music.o (pow)
/usr/lib/gcc/arm-none-eabi/14.1.0/../../../../arm-none-eabi/lib/thumb/v7-m/nofp/libm.a(libm_a-w_sqrt.o)
                              mmlib/move.o (sqrt)
/usr/lib/gcc/arm-none-eabi/14.1.0/../../../../arm-none-eabi/lib/thumb/v7-m/nofp/libm.a(libm_a-s_sin.o)
                              mmlib/move.o (sin)
/usr/lib/gcc/arm-none-eabi/14.1.0/../../../../arm-none-eabi/lib/thumb/v7-m/nofp/libm.a(libm_a-s_finite.o)
                              /usr/lib/gcc/arm-none-eabi/14.1.0/../../../../arm-none-eabi/lib/thumb/v7-m/nofp/libm.a(libm_a-w_pow.o) (finite)
/usr/lib/gcc/arm-none-eabi/14.1.0/../../../../arm-none-eabi/lib/thumb/v7-m/nofp/libm.a(libm_a-e_sqrt.o)
                              /usr/lib/gcc/arm-none-eabi/14.1.0/../../../../arm-none-eabi/lib/thumb/v7-m/nofp/libm.a(libm_a-w_sqrt.o) (__ieee754_sqrt)
/usr/lib/gcc/arm-none-eabi/14.1.0/../../../../arm-none-eabi/lib/thumb/v7-m/nofp/libm.a(libm_a-k_cos.o)
                              /usr/lib/gcc/arm-none-eabi/14.1.0/../../../../arm-none-eabi/lib/thumb/v7-m/nofp/libm.a(libm_a-s_sin.o) (__kernel_cos)
/usr/lib/gcc/arm-none-eabi/14.1.0/../../../../arm-none-eabi/lib/thumb/v7-m/nofp/libm.a(libm_a-k_sin.o)
                              /usr/lib/gcc/arm-none-eabi/14.1.0/../../../../arm-none-eabi/lib/thumb/v7-m/nofp/libm.a(libm_a-s_sin.o) (__kernel_sin)
/usr/lib/gcc/arm-none-eabi/14.1.0/../../../../arm-none-eabi/lib/thumb/v7-m/nofp/libm.a(libm_a-e_pow.o)
                              /usr/lib/gcc/arm-none-eabi/14.1.0/../../../../arm-none-eabi/lib/thumb/v7-m/nofp/libm.a(libm_a-w_pow.o) (__ieee754_pow)
/usr/lib/gcc/arm-none-eabi/14.1.0/../../../../arm-none-eabi/lib/thumb/v7-m/nofp/libm.a(libm_a-e_rem_pio2.o)
                              /usr/lib/gcc/arm-none-eabi/14.1.0/../../../../arm-none-eabi/lib/thumb/v7-m/nofp/libm.a(libm_a-s_sin.o) (__ieee754_rem_pio2)
/usr/lib/gcc/arm-none-eabi/14.1.0/../../../../arm-none-eabi/lib/thumb/v7-m/nofp/libm.a(libm_a-s_fabs.o)
                              /usr/lib/gcc/arm-none-eabi/14.1.0/../../../../arm-none-eabi/lib/thumb/v7-m/nofp/libm.a(libm_a-e_pow.o) (fabs)
/usr/lib/gcc/arm-none-eabi/14.1.0/../../../../arm-none-eabi/lib/thumb/v7-m/nofp/libm.a(libm_a-s_scalbn.o)
                              /usr/lib/gcc/arm-none-eabi/14.1.0/../../../../arm-none-eabi/lib/thumb/v7-m/nofp/libm.a(libm_a-e_pow.o) (scalbn)
/usr/lib/gcc/arm-none-eabi/14.1.0/../../../../arm-none-eabi/lib/thumb/v7-m/nofp/libm.a(libm_a-math_err.o)
                              /usr/lib/gcc/arm-none-eabi/14.1.0/../../../../arm-none-eabi/lib/thumb/v7-m/nofp/libm.a(libm_a-e_pow.o) (__math_uflow)
/usr/lib/gcc/arm-none-eabi/14.1.0/../../../../arm-none-eabi/lib/thumb/v7-m/nofp/libm.a(libm_a-k_rem_pio2.o)
                              /usr/lib/gcc/arm-none-eabi/14.1.0/../../../../arm-none-eabi/lib/thumb/v7-m/nofp/libm.a(libm_a-e_rem_pio2.o) (__kernel_rem_pio2)
/usr/lib/gcc/arm-none-eabi/14.1.0/../../../../arm-none-eabi/lib/thumb/v7-m/nofp/libm.a(libm_a-s_floor.o)
                              /usr/lib/gcc/arm-none-eabi/14.1.0/../../../../arm-none-eabi/lib/thumb/v7-m/nofp/libm.a(libm_a-k_rem_pio2.o) (floor)
opencm3/libopencm3/lib/libopencm3_stm32f1.a(adc.o)
                              setup.o (adc_power_on)
opencm3/libopencm3/lib/libopencm3_stm32f1.a(adc_common_v1.o)
                              setup.o (adc_power_off)
opencm3/libopencm3/lib/libopencm3_stm32f1.a(flash.o)
                              eeprom.o (flash_get_status_flags)
opencm3/libopencm3/lib/libopencm3_stm32f1.a(gpio.o)
                              setup.o (gpio_set_mode)
opencm3/libopencm3/lib/libopencm3_stm32f1.a(rcc.o)
                              setup.o (rcc_clock_setup_in_hse_8mhz_out_72mhz)
opencm3/libopencm3/lib/libopencm3_stm32f1.a(dma_common_l1f013.o)
                              serial.o (dma_channel_reset)
opencm3/libopencm3/lib/libopencm3_stm32f1.a(gpio_common_all.o)
                              detection.o (gpio_set)
opencm3/libopencm3/lib/libopencm3_stm32f1.a(spi_common_all.o)
                              setup.o (spi_reset)
opencm3/libopencm3/lib/libopencm3_stm32f1.a(spi_common_l1f124.o)
                              setup.o (spi_init_master)
opencm3/libopencm3/lib/libopencm3_stm32f1.a(timer_common_all.o)
                              setup.o (timer_enable_irq)
opencm3/libopencm3/lib/libopencm3_stm32f1.a(usart_common_all.o)
                              setup.o (usart_set_baudrate)
opencm3/libopencm3/lib/libopencm3_stm32f1.a(usart_common_f124.o)
                              opencm3/libopencm3/lib/libopencm3_stm32f1.a(usart_common_all.o) (usart_send)
opencm3/libopencm3/lib/libopencm3_stm32f1.a(rcc_common_all.o)
                              setup.o (rcc_periph_clock_enable)
opencm3/libopencm3/lib/libopencm3_stm32f1.a(flash_common_f01.o)
[...]
Memory Configuration

Name             Origin             Length             Attributes
rom              0x08000000         0x0000fc00         xr
ram              0x20000000         0x00005000         xrw
eeprom           0x0800fc00         0x00000400         xr
*default*        0x00000000         0xffffffff

Linker script and memory map

LOAD buttons.o
LOAD config.o
LOAD detection.o
LOAD eeprom.o
LOAD leds.o
LOAD motor.o
LOAD mylibopencm3.o
LOAD platform.o
LOAD serial.o
LOAD setup.o
LOAD speaker.o
LOAD voltage.o
LOAD printf/printf.o
LOAD mmlib/calibration.o
LOAD mmlib/clock.o
LOAD mmlib/command.o
LOAD mmlib/common.o
LOAD mmlib/control.o
LOAD mmlib/encoder.o
LOAD mmlib/hmi.o
LOAD mmlib/logging.o
LOAD mmlib/move.o
LOAD mmlib/mpu.o
LOAD mmlib/music.o
LOAD mmlib/path.o
LOAD mmlib/search.o
LOAD mmlib/solve.o
LOAD mmlib/speed.o
LOAD mmlib/walls.o
LOAD main.o
LOAD /usr/lib/gcc/arm-none-eabi/14.1.0/../../../../arm-none-eabi/lib/thumb/v7-m/nofp/libm.a
LOAD opencm3/libopencm3/lib/libopencm3_stm32f1.a
START GROUP
LOAD /usr/lib/gcc/arm-none-eabi/14.1.0/../../../../arm-none-eabi/lib/thumb/v7-m/nofp/libc.a
LOAD /usr/lib/gcc/arm-none-eabi/14.1.0/thumb/v7-m/nofp/libgcc.a
LOAD /usr/lib/gcc/arm-none-eabi/14.1.0/../../../../arm-none-eabi/lib/thumb/v7-m/nofp/libnosys.a
END GROUP
START GROUP
LOAD /usr/lib/gcc/arm-none-eabi/14.1.0/thumb/v7-m/nofp/libgcc.a
LOAD /usr/lib/gcc/arm-none-eabi/14.1.0/../../../../arm-none-eabi/lib/thumb/v7-m/nofp/libg.a
LOAD /usr/lib/gcc/arm-none-eabi/14.1.0/../../../../arm-none-eabi/lib/thumb/v7-m/nofp/libc.a
END GROUP

.text           0x08000000     0x2400
 *(.vectors)
 .vectors       0x08000000      0x150 opencm3/libopencm3/lib/libopencm3_stm32f1.a(vector.o)
                0x08000000                vector_table
 *(.text*)
 .text.tim1_up_isr
                0x08000150      0x124 detection.o
                0x08000150                tim1_up_isr
 .text.usart_idle_line_detected
                0x08000274        0x8 mylibopencm3.o
                0x08000274                usart_idle_line_detected
 .text.usart_clear_idle_line_detected
                0x0800027c        0x6 mylibopencm3.o
                0x0800027c                usart_clear_idle_line_detected
 *fill*         0x08000282        0x2 
 .text.serial_acquire_transfer_lock
                0x08000284       0x14 serial.o
                0x08000284                serial_acquire_transfer_lock
 .text.serial_receive
                0x08000298       0x84 serial.o
 .text.serial_send
                0x0800031c       0x84 serial.o
                0x0800031c                serial_send
 .text.dma1_channel2_isr
                0x080003a0       0x44 serial.o
                0x080003a0                dma1_channel2_isr
 .text.dma1_channel3_isr
                0x080003e4       0x8c serial.o
                0x080003e4                dma1_channel3_isr
 .text.usart3_isr
                0x08000470       0x34 serial.o
                0x08000470                usart3_isr
 .text._out_buffer
                0x080004a4        0x8 printf/printf.o
 .text._out_null
                0x080004ac        0x2 printf/printf.o
 .text._out_rev
                0x080004ae       0x88 printf/printf.o
 .text._ntoa_format
                0x08000536      0x114 printf/printf.o
 .text._ntoa_long
                0x0800064a       0x84 printf/printf.o
 .text._ntoa_long_long
                0x080006ce       0xa0 printf/printf.o
 *fill*         0x0800076e        0x2 
 .text._etoa    0x08000770      0x38c printf/printf.o
 *fill*         0x08000afc        0x4 
 .text._ftoa    0x08000b00      0x2ec printf/printf.o
 .text._vsnprintf
                0x08000dec      0x50c printf/printf.o
 .text.sprintf_
                0x080012f8       0x28 printf/printf.o
                0x080012f8                sprintf_
 .text.get_clock_ticks
                0x08001320        0xc mmlib/clock.o
                0x08001320                get_clock_ticks
 .text.wait_until
                0x0800132c       0x24 mmlib/clock.o
                0x0800132c                wait_until
 .text.motor_setup
                0x08001350       0x38 main.o
                0x08001350                motor_setup
 .text.motor_left_forward
                0x08001388       0x1c main.o
                0x08001388                motor_left_forward
 .text.motor_right_forward
                0x080013a4       0x1c main.o
                0x080013a4                motor_right_forward
 .text.startup.main
                0x080013c0       0x10 main.o
                0x080013c0                main
 .text.adc_read_injected
                0x080013d0       0x22 opencm3/libopencm3/lib/libopencm3_stm32f1.a(adc_common_v1.o)
                0x080013d0                adc_read_injected
 .text.adc_start_conversion_injected
                0x080013f2       0x14 opencm3/libopencm3/lib/libopencm3_stm32f1.a(adc_common_v1.o)
                0x080013f2                adc_start_conversion_injected
 .text.gpio_set_mode
                0x08001406       0x62 opencm3/libopencm3/lib/libopencm3_stm32f1.a(gpio.o)
                0x08001406                gpio_set_mode
 .text.dma_channel_reset
                0x08001468       0x20 opencm3/libopencm3/lib/libopencm3_stm32f1.a(dma_common_l1f013.o)
                0x08001468                dma_channel_reset
 .text.dma_clear_interrupt_flags
                0x08001488        0xc opencm3/libopencm3/lib/libopencm3_stm32f1.a(dma_common_l1f013.o)
                0x08001488                dma_clear_interrupt_flags
 .text.dma_get_interrupt_flag
                0x08001494       0x14 opencm3/libopencm3/lib/libopencm3_stm32f1.a(dma_common_l1f013.o)
                0x08001494                dma_get_interrupt_flag
 .text.dma_set_priority
                0x080014a8       0x18 opencm3/libopencm3/lib/libopencm3_stm32f1.a(dma_common_l1f013.o)
                0x080014a8                dma_set_priority
 .text.dma_set_memory_size
                0x080014c0       0x18 opencm3/libopencm3/lib/libopencm3_stm32f1.a(dma_common_l1f013.o)
                0x080014c0                dma_set_memory_size
 .text.dma_set_peripheral_size
                0x080014d8       0x18 opencm3/libopencm3/lib/libopencm3_stm32f1.a(dma_common_l1f013.o)
                0x080014d8                dma_set_peripheral_size
 .text.dma_enable_memory_increment_mode
                0x080014f0       0x12 opencm3/libopencm3/lib/libopencm3_stm32f1.a(dma_common_l1f013.o)
                0x080014f0                dma_enable_memory_increment_mode
 .text.dma_set_read_from_peripheral
                0x08001502       0x12 opencm3/libopencm3/lib/libopencm3_stm32f1.a(dma_common_l1f013.o)
                0x08001502                dma_set_read_from_peripheral
 .text.dma_set_read_from_memory
                0x08001514       0x12 opencm3/libopencm3/lib/libopencm3_stm32f1.a(dma_common_l1f013.o)
                0x08001514                dma_set_read_from_memory
 .text.dma_enable_transfer_complete_interrupt
                0x08001526       0x12 opencm3/libopencm3/lib/libopencm3_stm32f1.a(dma_common_l1f013.o)
                0x08001526                dma_enable_transfer_complete_interrupt
 .text.dma_disable_transfer_complete_interrupt
                0x08001538       0x12 opencm3/libopencm3/lib/libopencm3_stm32f1.a(dma_common_l1f013.o)
                0x08001538                dma_disable_transfer_complete_interrupt
 .text.dma_enable_channel
                0x0800154a       0x12 opencm3/libopencm3/lib/libopencm3_stm32f1.a(dma_common_l1f013.o)
                0x0800154a                dma_enable_channel
 .text.dma_disable_channel
                0x0800155c       0x12 opencm3/libopencm3/lib/libopencm3_stm32f1.a(dma_common_l1f013.o)
                0x0800155c                dma_disable_channel
 .text.dma_set_peripheral_address
                0x0800156e       0x12 opencm3/libopencm3/lib/libopencm3_stm32f1.a(dma_common_l1f013.o)
                0x0800156e                dma_set_peripheral_address
 .text.dma_set_memory_address
                0x08001580       0x12 opencm3/libopencm3/lib/libopencm3_stm32f1.a(dma_common_l1f013.o)
                0x08001580                dma_set_memory_address
 .text.dma_set_number_of_data
                0x08001592        0xc opencm3/libopencm3/lib/libopencm3_stm32f1.a(dma_common_l1f013.o)
                0x08001592                dma_set_number_of_data
 .text.gpio_set
                0x0800159e        0x4 opencm3/libopencm3/lib/libopencm3_stm32f1.a(gpio_common_all.o)
                0x0800159e                gpio_set
 .text.gpio_clear
                0x080015a2        0x6 opencm3/libopencm3/lib/libopencm3_stm32f1.a(gpio_common_all.o)
                0x080015a2                gpio_clear
 .text.timer_get_flag
                0x080015a8        0xc opencm3/libopencm3/lib/libopencm3_stm32f1.a(timer_common_all.o)
                0x080015a8                timer_get_flag
 .text.timer_clear_flag
                0x080015b4        0x6 opencm3/libopencm3/lib/libopencm3_stm32f1.a(timer_common_all.o)
                0x080015b4                timer_clear_flag
 .text.usart_enable_rx_dma
                0x080015ba        0xa opencm3/libopencm3/lib/libopencm3_stm32f1.a(usart_common_all.o)
                0x080015ba                usart_enable_rx_dma
 .text.usart_disable_rx_dma
                0x080015c4        0xa opencm3/libopencm3/lib/libopencm3_stm32f1.a(usart_common_all.o)
                0x080015c4                usart_disable_rx_dma
 .text.usart_enable_tx_dma
                0x080015ce        0xa opencm3/libopencm3/lib/libopencm3_stm32f1.a(usart_common_all.o)
                0x080015ce                usart_enable_tx_dma
 .text.usart_disable_tx_dma
                0x080015d8        0xa opencm3/libopencm3/lib/libopencm3_stm32f1.a(usart_common_all.o)
                0x080015d8                usart_disable_tx_dma
 .text.rcc_periph_clock_enable
                0x080015e2       0x1a opencm3/libopencm3/lib/libopencm3_stm32f1.a(rcc_common_all.o)
                0x080015e2                rcc_periph_clock_enable
 .text.blocking_handler
                0x080015fc        0x2 opencm3/libopencm3/lib/libopencm3_stm32f1.a(vector.o)
                0x080015fc                rtc_isr
                0x080015fc                tim7_isr
                0x080015fc                adc1_2_isr
                0x080015fc                tim1_trg_com_isr
                0x080015fc                usb_hp_can_tx_isr
                0x080015fc                tim6_isr
                0x080015fc                usb_wakeup_isr
                0x080015fc                blocking_handler
                0x080015fc                tim5_isr
                0x080015fc                otg_fs_isr
                0x080015fc                spi1_isr
                0x080015fc                exti2_isr
                0x080015fc                dma1_channel6_isr
                0x080015fc                can_rx1_isr
                0x080015fc                dma1_channel5_isr
                0x080015fc                dma2_channel5_isr
                0x080015fc                usart1_isr
                0x080015fc                usage_fault_handler
                0x080015fc                tim8_trg_com_isr
                0x080015fc                can2_rx0_isr
                0x080015fc                tim1_brk_isr
                0x080015fc                can2_rx1_isr
                0x080015fc                tim1_cc_isr
                0x080015fc                sdio_isr
                0x080015fc                eth_isr
                0x080015fc                dma1_channel4_isr
                0x080015fc                tim8_brk_isr
                0x080015fc                dma2_channel4_5_isr
                0x080015fc                pvd_isr
                0x080015fc                rcc_isr
                0x080015fc                flash_isr
                0x080015fc                uart4_isr
                0x080015fc                rtc_alarm_isr
                0x080015fc                exti15_10_isr
                0x080015fc                hard_fault_handler
                0x080015fc                exti1_isr
                0x080015fc                i2c1_ev_isr
                0x080015fc                dma2_channel1_isr
                0x080015fc                spi2_isr
                0x080015fc                tim8_up_isr
                0x080015fc                dma2_channel2_isr
                0x080015fc                exti3_isr
                0x080015fc                adc3_isr
                0x080015fc                tim3_isr
                0x080015fc                usart2_isr
                0x080015fc                usb_lp_can_rx0_isr
                0x080015fc                i2c2_er_isr
                0x080015fc                i2c2_ev_isr
                0x080015fc                uart5_isr
                0x080015fc                fsmc_isr
                0x080015fc                dma1_channel1_isr
                0x080015fc                exti4_isr
                0x080015fc                mem_manage_handler
                0x080015fc                can2_tx_isr
                0x080015fc                exti9_5_isr
                0x080015fc                dma2_channel3_isr
                0x080015fc                dma1_channel7_isr
                0x080015fc                can2_sce_isr
                0x080015fc                tim4_isr
                0x080015fc                i2c1_er_isr
                0x080015fc                can_sce_isr
                0x080015fc                tim8_cc_isr
                0x080015fc                tamper_isr
                0x080015fc                eth_wkup_isr
                0x080015fc                bus_fault_handler
                0x080015fc                wwdg_isr
                0x080015fc                spi3_isr
                0x080015fc                tim2_isr
                0x080015fc                exti0_isr
 .text.null_handler
                0x080015fe        0x2 opencm3/libopencm3/lib/libopencm3_stm32f1.a(vector.o)
                0x080015fe                null_handler
                0x080015fe                sv_call_handler
                0x080015fe                pend_sv_handler
                0x080015fe                debug_monitor_handler
                0x080015fe                sys_tick_handler
                0x080015fe                nmi_handler
 .text.reset_handler
                0x08001600       0x90 opencm3/libopencm3/lib/libopencm3_stm32f1.a(vector.o)
                0x08001600                reset_handler
 .text.mutex_trylock
                0x08001690       0x1c opencm3/libopencm3/lib/libopencm3_stm32f1.a(sync.o)
                0x08001690                mutex_trylock
 .text.mutex_unlock
                0x080016ac        0xa opencm3/libopencm3/lib/libopencm3_stm32f1.a(sync.o)
                0x080016ac                mutex_unlock
 *fill*         0x080016b6        0x2 
 .text.strlen   0x080016b8       0x5c /usr/lib/gcc/arm-none-eabi/14.1.0/../../../../arm-none-eabi/lib/thumb/v7-m/nofp/libc.a(libc_a-strlen-stub.o)
                0x080016b8                strlen
 .text          0x08001714      0x378 /usr/lib/gcc/arm-none-eabi/14.1.0/thumb/v7-m/nofp/libgcc.a(_arm_addsubdf3.o)
                0x08001714                __aeabi_drsub
                0x0800171c                __aeabi_dsub
                0x0800171c                __subdf3
                0x08001720                __adddf3
                0x08001720                __aeabi_dadd
                0x08001998                __aeabi_ui2d
                0x08001998                __floatunsidf
                0x080019b8                __floatsidf
                0x080019b8                __aeabi_i2d
                0x080019dc                __extendsfdf2
                0x080019dc                __aeabi_f2d
                0x08001a20                __aeabi_ul2d
                0x08001a20                __floatundidf
                0x08001a30                __floatdidf
                0x08001a30                __aeabi_l2d
 .text          0x08001a8c      0x424 /usr/lib/gcc/arm-none-eabi/14.1.0/thumb/v7-m/nofp/libgcc.a(_arm_muldivdf3.o)
                0x08001a8c                __aeabi_dmul
                0x08001a8c                __muldf3
                0x08001ce0                __aeabi_ddiv
                0x08001ce0                __divdf3
 .text          0x08001eb0      0x110 /usr/lib/gcc/arm-none-eabi/14.1.0/thumb/v7-m/nofp/libgcc.a(_arm_cmpdf2.o)
                0x08001eb0                __gtdf2
                0x08001eb0                __gedf2
                0x08001eb8                __ltdf2
                0x08001eb8                __ledf2
                0x08001ec0                __cmpdf2
                0x08001ec0                __eqdf2
                0x08001ec0                __nedf2
                0x08001f3c                __aeabi_cdrcmple
                0x08001f4c                __aeabi_cdcmple
                0x08001f4c                __aeabi_cdcmpeq
                0x08001f5c                __aeabi_dcmpeq
                0x08001f70                __aeabi_dcmplt
                0x08001f84                __aeabi_dcmple
                0x08001f98                __aeabi_dcmpge
                0x08001fac                __aeabi_dcmpgt
 .text          0x08001fc0       0x50 /usr/lib/gcc/arm-none-eabi/14.1.0/thumb/v7-m/nofp/libgcc.a(_arm_fixdfsi.o)
                0x08001fc0                __fixdfsi
                0x08001fc0                __aeabi_d2iz
 .text          0x08002010       0x40 /usr/lib/gcc/arm-none-eabi/14.1.0/thumb/v7-m/nofp/libgcc.a(_arm_fixunsdfsi.o)
                0x08002010                __fixunsdfsi
                0x08002010                __aeabi_d2uiz
 .text          0x08002050       0x30 /usr/lib/gcc/arm-none-eabi/14.1.0/thumb/v7-m/nofp/libgcc.a(_aeabi_uldivmod.o)
                0x08002050                __aeabi_uldivmod
 .text.__udivmoddi4
                0x08002080      0x2bc /usr/lib/gcc/arm-none-eabi/14.1.0/thumb/v7-m/nofp/libgcc.a(_udivmoddi4.o)
                0x08002080                __udivmoddi4
 .text          0x0800233c        0x4 /usr/lib/gcc/arm-none-eabi/14.1.0/thumb/v7-m/nofp/libgcc.a(_dvmd_tls.o)
                0x0800233c                __aeabi_ldiv0
                0x0800233c                __aeabi_idiv0
                0x08002340                        . = ALIGN (0x4)
 *(.rodata*)
 .rodata.dma1_channel3_isr.str1.1
                0x08002340       0x57 serial.o
                                 0x45 (size before relaxing)
 .rodata.__func__.0
                0x08002397       0x12 serial.o
 .rodata._ftoa.str1.1
                0x080023a9       0x12 printf/printf.o
 *fill*         0x080023a9        0x7 
 .rodata.pow10.0
                0x080023b0       0x50 printf/printf.o
                0x08002400                        . = ALIGN (0x4)

.glue_7         0x08002400        0x0
 .glue_7        0x08002400        0x0 linker stubs

.glue_7t        0x08002400        0x0
 .glue_7t       0x08002400        0x0 linker stubs

.vfp11_veneer   0x08002400        0x0
 .vfp11_veneer  0x08002400        0x0 linker stubs

.v4_bx          0x08002400        0x0
 .v4_bx         0x08002400        0x0 linker stubs

.iplt           0x08002400        0x0
 .iplt          0x08002400        0x0 detection.o

.preinit_array  0x08002400        0x0
                0x08002400                        . = ALIGN (0x4)
                0x08002400                        __preinit_array_start = .
 *(.preinit_array)
                0x08002400                        __preinit_array_end = .

.init_array     0x08002400        0x0
                0x08002400                        . = ALIGN (0x4)
                0x08002400                        __init_array_start = .
 *(SORT_BY_NAME(.init_array.*))
 *(.init_array)
                0x08002400                        __init_array_end = .

.fini_array     0x08002400        0x0
                0x08002400                        . = ALIGN (0x4)
                0x08002400                        __fini_array_start = .
 *(.fini_array)
 *(SORT_BY_NAME(.fini_array.*))
                0x08002400                        __fini_array_end = .

.ARM.extab
 *(.ARM.extab*)

.ARM.exidx      0x08002400        0x8
                0x08002400                        __exidx_start = .
 *(.ARM.exidx*)
 .ARM.exidx.text.__udivmoddi4
                0x08002400        0x8 /usr/lib/gcc/arm-none-eabi/14.1.0/thumb/v7-m/nofp/libgcc.a(_udivmoddi4.o)
                0x08002408                        __exidx_end = .

.rel.dyn        0x08002408        0x0
 .rel.iplt      0x08002408        0x0 detection.o
                0x08002408                        . = ALIGN (0x4)
                0x08002408                        _etext = .

.data           0x20000000        0x4 load address 0x08002408
                0x20000000                        _data = .
 *(.data*)
 .data.emitter_status.1
                0x20000000        0x1 detection.o
                0x20000004                        . = ALIGN (0x4)
 *fill*         0x20000001        0x3 
                0x20000004                        _edata = .
                0x08002408                        _data_loadaddr = LOADADDR (.data)

.igot.plt       0x20000004        0x0 load address 0x0800240c
 .igot.plt      0x20000004        0x0 detection.o

.bss            0x20000004      0x2ac load address 0x0800240c
 *(.bss*)
 .bss.sensor_index.0
                0x20000004        0x1 detection.o
 *fill*         0x20000005        0x1 
 .bss.sensors_on
                0x20000006        0x8 detection.o
 .bss.sensors_off
                0x2000000e        0x8 detection.o
 .bss.tx_buffer.1
                0x20000016      0x190 serial.o
 .bss.receive_buffer
                0x200001a6      0x100 serial.o
 .bss.received  0x200002a6        0x1 serial.o
 *fill*         0x200002a7        0x1 
 .bss._send_lock
                0x200002a8        0x4 serial.o
 .bss.clock_ticks
                0x200002ac        0x4 mmlib/clock.o
 *(COMMON)
                0x200002b0                        . = ALIGN (0x4)
                0x200002b0                        _ebss = .

/DISCARD/
 *(.eh_frame)
                0x200002b0                        . = ALIGN (0x4)
                0x200002b0                        end = .
                0x20005000                        PROVIDE (_stack = (ORIGIN (ram) + LENGTH (ram)))
OUTPUT(main.elf elf32-littlearm)
LOAD linker stubs

.debug_info     0x00000000     0x6f53
 .debug_info    0x00000000      0x3bc detection.o
 .debug_info    0x000003bc      0x190 mylibopencm3.o
 .debug_info    0x0000054c      0xa6d serial.o
 .debug_info    0x00000fb9     0x1933 printf/printf.o
 .debug_info    0x000028ec      0x40d mmlib/clock.o
 .debug_info    0x00002cf9      0x412 main.o
 .debug_info    0x0000310b      0x7aa opencm3/libopencm3/lib/libopencm3_stm32f1.a(adc_common_v1.o)
 .debug_info    0x000038b5      0x1db opencm3/libopencm3/lib/libopencm3_stm32f1.a(gpio.o)
 .debug_info    0x00003a90      0x67d opencm3/libopencm3/lib/libopencm3_stm32f1.a(dma_common_l1f013.o)
 .debug_info    0x0000410d      0x22c opencm3/libopencm3/lib/libopencm3_stm32f1.a(gpio_common_all.o)
 .debug_info    0x00004339     0x11b8 opencm3/libopencm3/lib/libopencm3_stm32f1.a(timer_common_all.o)
 .debug_info    0x000054f1      0x4be opencm3/libopencm3/lib/libopencm3_stm32f1.a(usart_common_all.o)
 .debug_info    0x000059af      0x5f5 opencm3/libopencm3/lib/libopencm3_stm32f1.a(rcc_common_all.o)
 .debug_info    0x00005fa4      0x2a8 opencm3/libopencm3/lib/libopencm3_stm32f1.a(vector.o)
 .debug_info    0x0000624c      0x266 opencm3/libopencm3/lib/libopencm3_stm32f1.a(sync.o)
 .debug_info    0x000064b2       0xbd /usr/lib/gcc/arm-none-eabi/14.1.0/../../../../arm-none-eabi/lib/thumb/v7-m/nofp/libc.a(libc_a-strlen-stub.o)
 .debug_info    0x0000656f       0xd3 /usr/lib/gcc/arm-none-eabi/14.1.0/thumb/v7-m/nofp/libgcc.a(_arm_addsubdf3.o)
 .debug_info    0x00006642       0x57 /usr/lib/gcc/arm-none-eabi/14.1.0/thumb/v7-m/nofp/libgcc.a(_arm_muldivdf3.o)
 .debug_info    0x00006699       0xdf /usr/lib/gcc/arm-none-eabi/14.1.0/thumb/v7-m/nofp/libgcc.a(_arm_cmpdf2.o)
 .debug_info    0x00006778       0x3c /usr/lib/gcc/arm-none-eabi/14.1.0/thumb/v7-m/nofp/libgcc.a(_arm_fixdfsi.o)
 .debug_info    0x000067b4       0x3c /usr/lib/gcc/arm-none-eabi/14.1.0/thumb/v7-m/nofp/libgcc.a(_arm_fixunsdfsi.o)
 .debug_info    0x000067f0       0x24 /usr/lib/gcc/arm-none-eabi/14.1.0/thumb/v7-m/nofp/libgcc.a(_aeabi_uldivmod.o)
 .debug_info    0x00006814      0x703 /usr/lib/gcc/arm-none-eabi/14.1.0/thumb/v7-m/nofp/libgcc.a(_udivmoddi4.o)
 .debug_info    0x00006f17       0x3c /usr/lib/gcc/arm-none-eabi/14.1.0/thumb/v7-m/nofp/libgcc.a(_dvmd_tls.o)

.debug_abbrev   0x00000000     0x194b
 .debug_abbrev  0x00000000      0x1fe detection.o
 .debug_abbrev  0x000001fe       0xb7 mylibopencm3.o
 .debug_abbrev  0x000002b5      0x22e serial.o
 .debug_abbrev  0x000004e3      0x3e5 printf/printf.o
 .debug_abbrev  0x000008c8      0x1e5 mmlib/clock.o
 .debug_abbrev  0x00000aad      0x107 main.o
 .debug_abbrev  0x00000bb4      0x151 opencm3/libopencm3/lib/libopencm3_stm32f1.a(adc_common_v1.o)
 .debug_abbrev  0x00000d05       0xb7 opencm3/libopencm3/lib/libopencm3_stm32f1.a(gpio.o)
 .debug_abbrev  0x00000dbc      0x129 opencm3/libopencm3/lib/libopencm3_stm32f1.a(dma_common_l1f013.o)
 .debug_abbrev  0x00000ee5       0xf4 opencm3/libopencm3/lib/libopencm3_stm32f1.a(gpio_common_all.o)
 .debug_abbrev  0x00000fd9      0x191 opencm3/libopencm3/lib/libopencm3_stm32f1.a(timer_common_all.o)
 .debug_abbrev  0x0000116a      0x10f opencm3/libopencm3/lib/libopencm3_stm32f1.a(usart_common_all.o)
 .debug_abbrev  0x00001279      0x139 opencm3/libopencm3/lib/libopencm3_stm32f1.a(rcc_common_all.o)
 .debug_abbrev  0x000013b2      0x127 opencm3/libopencm3/lib/libopencm3_stm32f1.a(vector.o)
 .debug_abbrev  0x000014d9      0x18e opencm3/libopencm3/lib/libopencm3_stm32f1.a(sync.o)
 .debug_abbrev  0x00001667       0x78 /usr/lib/gcc/arm-none-eabi/14.1.0/../../../../arm-none-eabi/lib/thumb/v7-m/nofp/libc.a(libc_a-strlen-stub.o)
 .debug_abbrev  0x000016df       0x28 /usr/lib/gcc/arm-none-eabi/14.1.0/thumb/v7-m/nofp/libgcc.a(_arm_addsubdf3.o)
 .debug_abbrev  0x00001707       0x28 /usr/lib/gcc/arm-none-eabi/14.1.0/thumb/v7-m/nofp/libgcc.a(_arm_muldivdf3.o)
 .debug_abbrev  0x0000172f       0x28 /usr/lib/gcc/arm-none-eabi/14.1.0/thumb/v7-m/nofp/libgcc.a(_arm_cmpdf2.o)
 .debug_abbrev  0x00001757       0x28 /usr/lib/gcc/arm-none-eabi/14.1.0/thumb/v7-m/nofp/libgcc.a(_arm_fixdfsi.o)
 .debug_abbrev  0x0000177f       0x28 /usr/lib/gcc/arm-none-eabi/14.1.0/thumb/v7-m/nofp/libgcc.a(_arm_fixunsdfsi.o)
 .debug_abbrev  0x000017a7       0x14 /usr/lib/gcc/arm-none-eabi/14.1.0/thumb/v7-m/nofp/libgcc.a(_aeabi_uldivmod.o)
 .debug_abbrev  0x000017bb      0x16a /usr/lib/gcc/arm-none-eabi/14.1.0/thumb/v7-m/nofp/libgcc.a(_udivmoddi4.o)
 .debug_abbrev  0x00001925       0x26 /usr/lib/gcc/arm-none-eabi/14.1.0/thumb/v7-m/nofp/libgcc.a(_dvmd_tls.o)

.debug_loclists
                0x00000000     0x25c5
 .debug_loclists
                0x00000000       0x9e detection.o
 .debug_loclists
                0x0000009e       0x5d mylibopencm3.o
 .debug_loclists
                0x000000fb       0x6a serial.o
 .debug_loclists
                0x00000165     0x1934 printf/printf.o
 .debug_loclists
                0x00001a99      0x17f mmlib/clock.o
 .debug_loclists
                0x00001c18       0x29 /usr/lib/gcc/arm-none-eabi/14.1.0/../../../../arm-none-eabi/lib/thumb/v7-m/nofp/libc.a(libc_a-strlen-stub.o)
 .debug_loclists
                0x00001c41      0x984 /usr/lib/gcc/arm-none-eabi/14.1.0/thumb/v7-m/nofp/libgcc.a(_udivmoddi4.o)

.debug_aranges  0x00000000      0x9f0
 .debug_aranges
                0x00000000       0x30 detection.o
 .debug_aranges
                0x00000030       0x48 mylibopencm3.o
 .debug_aranges
                0x00000078       0x60 serial.o
 .debug_aranges
                0x000000d8       0xa0 printf/printf.o
 .debug_aranges
                0x00000178       0x68 mmlib/clock.o
 .debug_aranges
                0x000001e0       0x38 main.o
 .debug_aranges
                0x00000218      0x148 opencm3/libopencm3/lib/libopencm3_stm32f1.a(adc_common_v1.o)
 .debug_aranges
                0x00000360       0x38 opencm3/libopencm3/lib/libopencm3_stm32f1.a(gpio.o)
 .debug_aranges
                0x00000398       0xe0 opencm3/libopencm3/lib/libopencm3_stm32f1.a(dma_common_l1f013.o)
 .debug_aranges
                0x00000478       0x50 opencm3/libopencm3/lib/libopencm3_stm32f1.a(gpio_common_all.o)
 .debug_aranges
                0x000004c8      0x270 opencm3/libopencm3/lib/libopencm3_stm32f1.a(timer_common_all.o)
 .debug_aranges
                0x00000738       0xb8 opencm3/libopencm3/lib/libopencm3_stm32f1.a(usart_common_all.o)
 .debug_aranges
                0x000007f0       0x68 opencm3/libopencm3/lib/libopencm3_stm32f1.a(rcc_common_all.o)
 .debug_aranges
                0x00000858       0x30 opencm3/libopencm3/lib/libopencm3_stm32f1.a(vector.o)
 .debug_aranges
                0x00000888       0x48 opencm3/libopencm3/lib/libopencm3_stm32f1.a(sync.o)
 .debug_aranges
                0x000008d0       0x20 /usr/lib/gcc/arm-none-eabi/14.1.0/../../../../arm-none-eabi/lib/thumb/v7-m/nofp/libc.a(libc_a-strlen-stub.o)
 .debug_aranges
                0x000008f0       0x20 /usr/lib/gcc/arm-none-eabi/14.1.0/thumb/v7-m/nofp/libgcc.a(_arm_addsubdf3.o)
 .debug_aranges
                0x00000910       0x20 /usr/lib/gcc/arm-none-eabi/14.1.0/thumb/v7-m/nofp/libgcc.a(_arm_muldivdf3.o)
 .debug_aranges
                0x00000930       0x20 /usr/lib/gcc/arm-none-eabi/14.1.0/thumb/v7-m/nofp/libgcc.a(_arm_cmpdf2.o)
 .debug_aranges
                0x00000950       0x20 /usr/lib/gcc/arm-none-eabi/14.1.0/thumb/v7-m/nofp/libgcc.a(_arm_fixdfsi.o)
 .debug_aranges
                0x00000970       0x20 /usr/lib/gcc/arm-none-eabi/14.1.0/thumb/v7-m/nofp/libgcc.a(_arm_fixunsdfsi.o)
 .debug_aranges
                0x00000990       0x20 /usr/lib/gcc/arm-none-eabi/14.1.0/thumb/v7-m/nofp/libgcc.a(_aeabi_uldivmod.o)
 .debug_aranges
                0x000009b0       0x20 /usr/lib/gcc/arm-none-eabi/14.1.0/thumb/v7-m/nofp/libgcc.a(_udivmoddi4.o)
 .debug_aranges
                0x000009d0       0x20 /usr/lib/gcc/arm-none-eabi/14.1.0/thumb/v7-m/nofp/libgcc.a(_dvmd_tls.o)

.debug_rnglists
                0x00000000      0x2f6
 .debug_rnglists
                0x00000000       0x4d detection.o
 .debug_rnglists
                0x0000004d       0x31 mylibopencm3.o
 .debug_rnglists
                0x0000007e       0x46 serial.o
 .debug_rnglists
                0x000000c4      0x11f printf/printf.o
 .debug_rnglists
                0x000001e3       0x64 mmlib/clock.o
 .debug_rnglists
                0x00000247       0x25 main.o
 .debug_rnglists
                0x0000026c       0x13 /usr/lib/gcc/arm-none-eabi/14.1.0/../../../../arm-none-eabi/lib/thumb/v7-m/nofp/libc.a(libc_a-strlen-stub.o)
 .debug_rnglists
                0x0000027f       0x77 /usr/lib/gcc/arm-none-eabi/14.1.0/thumb/v7-m/nofp/libgcc.a(_udivmoddi4.o)

.debug_macro    0x00000000     0x64e0
 .debug_macro   0x00000000      0x21e detection.o
 .debug_macro   0x0000021e       0x64 detection.o
 .debug_macro   0x00000282      0x1a2 detection.o
 .debug_macro   0x00000424      0x1ba detection.o
 .debug_macro   0x000005de      0x449 detection.o
 .debug_macro   0x00000a27      0x456 detection.o
 .debug_macro   0x00000e7d      0xf96 detection.o
 .debug_macro   0x00001e13      0x14e detection.o
 .debug_macro   0x00001f61      0x3a7 detection.o
 .debug_macro   0x00002308       0x6a detection.o
 .debug_macro   0x00002372      0x4f5 detection.o
 .debug_macro   0x00002867      0x82c detection.o
 .debug_macro   0x00003093      0x2eb detection.o
 .debug_macro   0x0000337e       0x16 detection.o
 .debug_macro   0x00003394       0x8e detection.o
 .debug_macro   0x00003422      0x273 detection.o
 .debug_macro   0x00003695       0xc4 detection.o
 .debug_macro   0x00003759       0x28 detection.o
 .debug_macro   0x00003781       0xe9 mylibopencm3.o
 .debug_macro   0x0000386a      0x491 serial.o
 .debug_macro   0x00003cfb       0x10 serial.o
 .debug_macro   0x00003d0b       0x10 serial.o
 .debug_macro   0x00003d1b       0x74 serial.o
 .debug_macro   0x00003d8f       0x24 serial.o
 .debug_macro   0x00003db3       0x3c serial.o
 .debug_macro   0x00003def       0x34 serial.o
 .debug_macro   0x00003e23      0x189 serial.o
 .debug_macro   0x00003fac      0x372 serial.o
 .debug_macro   0x0000431e       0x16 serial.o
 .debug_macro   0x00004334       0x4a serial.o
 .debug_macro   0x0000437e       0x34 serial.o
 .debug_macro   0x000043b2       0x10 serial.o
 .debug_macro   0x000043c2       0x58 serial.o
 .debug_macro   0x0000441a      0x1de serial.o
 .debug_macro   0x000045f8      0x23c serial.o
 .debug_macro   0x00004834       0x3c serial.o
 .debug_macro   0x00004870      0x4cc serial.o
 .debug_macro   0x00004d3c       0x16 serial.o
 .debug_macro   0x00004d52       0x16 serial.o
 .debug_macro   0x00004d68       0xb8 serial.o
 .debug_macro   0x00004e20      0x4fe serial.o
 .debug_macro   0x0000531e       0xec serial.o
 .debug_macro   0x0000540a       0x16 serial.o
 .debug_macro   0x00005420       0x22 serial.o
 .debug_macro   0x00005442       0x3a serial.o
 .debug_macro   0x0000547c       0x58 serial.o
 .debug_macro   0x000054d4       0x22 serial.o
 .debug_macro   0x000054f6       0x2e serial.o
 .debug_macro   0x00005524      0x10e printf/printf.o
 .debug_macro   0x00005632      0x183 printf/printf.o
 .debug_macro   0x000057b5      0x1f2 mmlib/clock.o
 .debug_macro   0x000059a7       0xe9 main.o
 .debug_macro   0x00005a90       0xb9 opencm3/libopencm3/lib/libopencm3_stm32f1.a(adc_common_v1.o)
 .debug_macro   0x00005b49       0xb9 opencm3/libopencm3/lib/libopencm3_stm32f1.a(gpio.o)
 .debug_macro   0x00005c02       0xb4 opencm3/libopencm3/lib/libopencm3_stm32f1.a(dma_common_l1f013.o)
 .debug_macro   0x00005cb6       0xb9 opencm3/libopencm3/lib/libopencm3_stm32f1.a(gpio_common_all.o)
 .debug_macro   0x00005d6f       0xcc opencm3/libopencm3/lib/libopencm3_stm32f1.a(timer_common_all.o)
 .debug_macro   0x00005e3b       0xdb opencm3/libopencm3/lib/libopencm3_stm32f1.a(usart_common_all.o)
 .debug_macro   0x00005f16       0xcf opencm3/libopencm3/lib/libopencm3_stm32f1.a(rcc_common_all.o)
 .debug_macro   0x00005fe5       0xd0 opencm3/libopencm3/lib/libopencm3_stm32f1.a(vector.o)
 .debug_macro   0x000060b5      0x3a1 opencm3/libopencm3/lib/libopencm3_stm32f1.a(vector.o)
 .debug_macro   0x00006456       0x8a opencm3/libopencm3/lib/libopencm3_stm32f1.a(sync.o)

.debug_line     0x00000000     0x59d0
 .debug_line    0x00000000      0x5c4 detection.o
 .debug_line    0x000005c4      0x33e mylibopencm3.o
 .debug_line    0x00000902      0x81d serial.o
 .debug_line    0x0000111f     0x1166 printf/printf.o
 .debug_line    0x00002285      0x689 mmlib/clock.o
 .debug_line    0x0000290e      0x2f5 main.o
 .debug_line    0x00002c03      0x51f opencm3/libopencm3/lib/libopencm3_stm32f1.a(adc_common_v1.o)
 .debug_line    0x00003122      0x278 opencm3/libopencm3/lib/libopencm3_stm32f1.a(gpio.o)
 .debug_line    0x0000339a      0x3fc opencm3/libopencm3/lib/libopencm3_stm32f1.a(dma_common_l1f013.o)
 .debug_line    0x00003796      0x2af opencm3/libopencm3/lib/libopencm3_stm32f1.a(gpio_common_all.o)
 .debug_line    0x00003a45      0x8b6 opencm3/libopencm3/lib/libopencm3_stm32f1.a(timer_common_all.o)
 .debug_line    0x000042fb      0x3f2 opencm3/libopencm3/lib/libopencm3_stm32f1.a(usart_common_all.o)
 .debug_line    0x000046ed      0x2e3 opencm3/libopencm3/lib/libopencm3_stm32f1.a(rcc_common_all.o)
 .debug_line    0x000049d0      0x2c4 opencm3/libopencm3/lib/libopencm3_stm32f1.a(vector.o)
 .debug_line    0x00004c94      0x1e3 opencm3/libopencm3/lib/libopencm3_stm32f1.a(sync.o)
 .debug_line    0x00004e77      0x115 /usr/lib/gcc/arm-none-eabi/14.1.0/../../../../arm-none-eabi/lib/thumb/v7-m/nofp/libc.a(libc_a-strlen-stub.o)
 .debug_line    0x00004f8c      0x16f /usr/lib/gcc/arm-none-eabi/14.1.0/thumb/v7-m/nofp/libgcc.a(_arm_addsubdf3.o)
 .debug_line    0x000050fb      0x184 /usr/lib/gcc/arm-none-eabi/14.1.0/thumb/v7-m/nofp/libgcc.a(_arm_muldivdf3.o)
 .debug_line    0x0000527f       0xa6 /usr/lib/gcc/arm-none-eabi/14.1.0/thumb/v7-m/nofp/libgcc.a(_arm_cmpdf2.o)
 .debug_line    0x00005325       0x62 /usr/lib/gcc/arm-none-eabi/14.1.0/thumb/v7-m/nofp/libgcc.a(_arm_fixdfsi.o)
 .debug_line    0x00005387       0x5e /usr/lib/gcc/arm-none-eabi/14.1.0/thumb/v7-m/nofp/libgcc.a(_arm_fixunsdfsi.o)
 .debug_line    0x000053e5       0x4e /usr/lib/gcc/arm-none-eabi/14.1.0/thumb/v7-m/nofp/libgcc.a(_aeabi_uldivmod.o)
 .debug_line    0x00005433      0x553 /usr/lib/gcc/arm-none-eabi/14.1.0/thumb/v7-m/nofp/libgcc.a(_udivmoddi4.o)
 .debug_line    0x00005986       0x4a /usr/lib/gcc/arm-none-eabi/14.1.0/thumb/v7-m/nofp/libgcc.a(_dvmd_tls.o)

.debug_str      0x00000000    0x21430
 .debug_str     0x00000000    0x21430 detection.o
                              0x1736c (size before relaxing)
 .debug_str     0x00021430     0x81a2 mylibopencm3.o
 .debug_str     0x00021430    0x1d8b8 serial.o
 .debug_str     0x00021430     0x4b0b printf/printf.o
 .debug_str     0x00021430    0x170ae mmlib/clock.o
 .debug_str     0x00021430     0xac1b main.o
 .debug_str     0x00021430     0x755c opencm3/libopencm3/lib/libopencm3_stm32f1.a(adc_common_v1.o)
 .debug_str     0x00021430     0x8385 opencm3/libopencm3/lib/libopencm3_stm32f1.a(gpio.o)
 .debug_str     0x00021430     0x6a8d opencm3/libopencm3/lib/libopencm3_stm32f1.a(dma_common_l1f013.o)
 .debug_str     0x00021430     0x8379 opencm3/libopencm3/lib/libopencm3_stm32f1.a(gpio_common_all.o)
 .debug_str     0x00021430     0xbd5e opencm3/libopencm3/lib/libopencm3_stm32f1.a(timer_common_all.o)
 .debug_str     0x00021430     0x8089 opencm3/libopencm3/lib/libopencm3_stm32f1.a(usart_common_all.o)
 .debug_str     0x00021430     0x75a6 opencm3/libopencm3/lib/libopencm3_stm32f1.a(rcc_common_all.o)
 .debug_str     0x00021430     0x64cd opencm3/libopencm3/lib/libopencm3_stm32f1.a(vector.o)
 .debug_str     0x00021430     0x3ecb opencm3/libopencm3/lib/libopencm3_stm32f1.a(sync.o)
 .debug_str     0x00021430      0x1c3 /usr/lib/gcc/arm-none-eabi/14.1.0/../../../../arm-none-eabi/lib/thumb/v7-m/nofp/libc.a(libc_a-strlen-stub.o)
 .debug_str     0x00021430      0x14b /usr/lib/gcc/arm-none-eabi/14.1.0/thumb/v7-m/nofp/libgcc.a(_arm_addsubdf3.o)
 .debug_str     0x00021430       0xcb /usr/lib/gcc/arm-none-eabi/14.1.0/thumb/v7-m/nofp/libgcc.a(_arm_muldivdf3.o)
 .debug_str     0x00021430      0x154 /usr/lib/gcc/arm-none-eabi/14.1.0/thumb/v7-m/nofp/libgcc.a(_arm_cmpdf2.o)
 .debug_str     0x00021430       0xb6 /usr/lib/gcc/arm-none-eabi/14.1.0/thumb/v7-m/nofp/libgcc.a(_arm_fixdfsi.o)
 .debug_str     0x00021430       0xba /usr/lib/gcc/arm-none-eabi/14.1.0/thumb/v7-m/nofp/libgcc.a(_arm_fixunsdfsi.o)
 .debug_str     0x00021430       0x9a /usr/lib/gcc/arm-none-eabi/14.1.0/thumb/v7-m/nofp/libgcc.a(_aeabi_uldivmod.o)
 .debug_str     0x00021430      0x6ae /usr/lib/gcc/arm-none-eabi/14.1.0/thumb/v7-m/nofp/libgcc.a(_udivmoddi4.o)
 .debug_str     0x00021430       0xba /usr/lib/gcc/arm-none-eabi/14.1.0/thumb/v7-m/nofp/libgcc.a(_dvmd_tls.o)

.comment        0x00000000       0x3f
 .comment       0x00000000       0x3f detection.o
                                 0x1f (size before relaxing)
 .comment       0x0000003f       0x1f mylibopencm3.o
 .comment       0x0000003f       0x1f serial.o
 .comment       0x0000003f       0x1f printf/printf.o
 .comment       0x0000003f       0x1f mmlib/clock.o
 .comment       0x0000003f       0x1f main.o
 .comment       0x0000003f       0x22 opencm3/libopencm3/lib/libopencm3_stm32f1.a(adc_common_v1.o)
 .comment       0x0000003f       0x22 opencm3/libopencm3/lib/libopencm3_stm32f1.a(gpio.o)
 .comment       0x0000003f       0x22 opencm3/libopencm3/lib/libopencm3_stm32f1.a(dma_common_l1f013.o)
 .comment       0x0000003f       0x22 opencm3/libopencm3/lib/libopencm3_stm32f1.a(gpio_common_all.o)
 .comment       0x0000003f       0x22 opencm3/libopencm3/lib/libopencm3_stm32f1.a(timer_common_all.o)
 .comment       0x0000003f       0x22 opencm3/libopencm3/lib/libopencm3_stm32f1.a(usart_common_all.o)
 .comment       0x0000003f       0x22 opencm3/libopencm3/lib/libopencm3_stm32f1.a(rcc_common_all.o)
 .comment       0x0000003f       0x22 opencm3/libopencm3/lib/libopencm3_stm32f1.a(vector.o)
 .comment       0x0000003f       0x22 opencm3/libopencm3/lib/libopencm3_stm32f1.a(sync.o)
 .comment       0x0000003f       0x1f /usr/lib/gcc/arm-none-eabi/14.1.0/../../../../arm-none-eabi/lib/thumb/v7-m/nofp/libc.a(libc_a-strlen-stub.o)
 .comment       0x0000003f       0x1f /usr/lib/gcc/arm-none-eabi/14.1.0/thumb/v7-m/nofp/libgcc.a(_udivmoddi4.o)

.ARM.attributes
                0x00000000       0x2b
 .ARM.attributes
                0x00000000       0x2d detection.o
 .ARM.attributes
                0x0000002d       0x2d mylibopencm3.o
 .ARM.attributes
                0x0000005a       0x2d serial.o
 .ARM.attributes
                0x00000087       0x2d printf/printf.o
 .ARM.attributes
                0x000000b4       0x2d mmlib/clock.o
 .ARM.attributes
                0x000000e1       0x2d main.o
 .ARM.attributes
                0x0000010e       0x33 opencm3/libopencm3/lib/libopencm3_stm32f1.a(adc_common_v1.o)
 .ARM.attributes
                0x00000141       0x33 opencm3/libopencm3/lib/libopencm3_stm32f1.a(gpio.o)
 .ARM.attributes
                0x00000174       0x33 opencm3/libopencm3/lib/libopencm3_stm32f1.a(dma_common_l1f013.o)
 .ARM.attributes
                0x000001a7       0x33 opencm3/libopencm3/lib/libopencm3_stm32f1.a(gpio_common_all.o)
 .ARM.attributes
                0x000001da       0x33 opencm3/libopencm3/lib/libopencm3_stm32f1.a(timer_common_all.o)
 .ARM.attributes
                0x0000020d       0x33 opencm3/libopencm3/lib/libopencm3_stm32f1.a(usart_common_all.o)
 .ARM.attributes
                0x00000240       0x33 opencm3/libopencm3/lib/libopencm3_stm32f1.a(rcc_common_all.o)
 .ARM.attributes
                0x00000273       0x33 opencm3/libopencm3/lib/libopencm3_stm32f1.a(vector.o)
 .ARM.attributes
                0x000002a6       0x33 opencm3/libopencm3/lib/libopencm3_stm32f1.a(sync.o)
 .ARM.attributes
                0x000002d9       0x2d /usr/lib/gcc/arm-none-eabi/14.1.0/../../../../arm-none-eabi/lib/thumb/v7-m/nofp/libc.a(libc_a-strlen-stub.o)
 .ARM.attributes
                0x00000306       0x1d /usr/lib/gcc/arm-none-eabi/14.1.0/thumb/v7-m/nofp/libgcc.a(_arm_addsubdf3.o)
 .ARM.attributes
                0x00000323       0x1d /usr/lib/gcc/arm-none-eabi/14.1.0/thumb/v7-m/nofp/libgcc.a(_arm_muldivdf3.o)
 .ARM.attributes
                0x00000340       0x1d /usr/lib/gcc/arm-none-eabi/14.1.0/thumb/v7-m/nofp/libgcc.a(_arm_cmpdf2.o)
 .ARM.attributes
                0x0000035d       0x1d /usr/lib/gcc/arm-none-eabi/14.1.0/thumb/v7-m/nofp/libgcc.a(_arm_fixdfsi.o)
 .ARM.attributes
                0x0000037a       0x1d /usr/lib/gcc/arm-none-eabi/14.1.0/thumb/v7-m/nofp/libgcc.a(_arm_fixunsdfsi.o)
 .ARM.attributes
                0x00000397       0x1d /usr/lib/gcc/arm-none-eabi/14.1.0/thumb/v7-m/nofp/libgcc.a(_aeabi_uldivmod.o)
 .ARM.attributes
                0x000003b4       0x2d /usr/lib/gcc/arm-none-eabi/14.1.0/thumb/v7-m/nofp/libgcc.a(_udivmoddi4.o)
 .ARM.attributes
                0x000003e1       0x1d /usr/lib/gcc/arm-none-eabi/14.1.0/thumb/v7-m/nofp/libgcc.a(_dvmd_tls.o)

.debug_frame    0x00000000     0x1560
 .debug_frame   0x00000000       0x58 detection.o
 .debug_frame   0x00000058       0x70 mylibopencm3.o
 .debug_frame   0x000000c8       0xf0 serial.o
 .debug_frame   0x000001b8      0x2b0 printf/printf.o
 .debug_frame   0x00000468      0x104 mmlib/clock.o
 .debug_frame   0x0000056c       0x7c main.o
 .debug_frame   0x000005e8      0x294 opencm3/libopencm3/lib/libopencm3_stm32f1.a(adc_common_v1.o)
 .debug_frame   0x0000087c       0x64 opencm3/libopencm3/lib/libopencm3_stm32f1.a(gpio.o)
 .debug_frame   0x000008e0      0x1a0 opencm3/libopencm3/lib/libopencm3_stm32f1.a(dma_common_l1f013.o)
 .debug_frame   0x00000a80       0x80 opencm3/libopencm3/lib/libopencm3_stm32f1.a(gpio_common_all.o)
 .debug_frame   0x00000b00      0x4e0 opencm3/libopencm3/lib/libopencm3_stm32f1.a(timer_common_all.o)
 .debug_frame   0x00000fe0      0x170 opencm3/libopencm3/lib/libopencm3_stm32f1.a(usart_common_all.o)
 .debug_frame   0x00001150       0xd0 opencm3/libopencm3/lib/libopencm3_stm32f1.a(rcc_common_all.o)
 .debug_frame   0x00001220       0x40 opencm3/libopencm3/lib/libopencm3_stm32f1.a(vector.o)
 .debug_frame   0x00001260       0x78 opencm3/libopencm3/lib/libopencm3_stm32f1.a(sync.o)
 .debug_frame   0x000012d8       0x20 /usr/lib/gcc/arm-none-eabi/14.1.0/../../../../arm-none-eabi/lib/thumb/v7-m/nofp/libc.a(libc_a-strlen-stub.o)
 .debug_frame   0x000012f8       0xac /usr/lib/gcc/arm-none-eabi/14.1.0/thumb/v7-m/nofp/libgcc.a(_arm_addsubdf3.o)
 .debug_frame   0x000013a4       0x50 /usr/lib/gcc/arm-none-eabi/14.1.0/thumb/v7-m/nofp/libgcc.a(_arm_muldivdf3.o)
 .debug_frame   0x000013f4       0xc4 /usr/lib/gcc/arm-none-eabi/14.1.0/thumb/v7-m/nofp/libgcc.a(_arm_cmpdf2.o)
 .debug_frame   0x000014b8       0x24 /usr/lib/gcc/arm-none-eabi/14.1.0/thumb/v7-m/nofp/libgcc.a(_arm_fixdfsi.o)
 .debug_frame   0x000014dc       0x24 /usr/lib/gcc/arm-none-eabi/14.1.0/thumb/v7-m/nofp/libgcc.a(_arm_fixunsdfsi.o)
 .debug_frame   0x00001500       0x2c /usr/lib/gcc/arm-none-eabi/14.1.0/thumb/v7-m/nofp/libgcc.a(_aeabi_uldivmod.o)
 .debug_frame   0x0000152c       0x34 /usr/lib/gcc/arm-none-eabi/14.1.0/thumb/v7-m/nofp/libgcc.a(_udivmoddi4.o)

.debug_loc      0x00000000     0x18c3
 .debug_loc     0x00000000      0x35d opencm3/libopencm3/lib/libopencm3_stm32f1.a(adc_common_v1.o)
 .debug_loc     0x0000035d      0x48a opencm3/libopencm3/lib/libopencm3_stm32f1.a(gpio.o)
 .debug_loc     0x000007e7      0x6b6 opencm3/libopencm3/lib/libopencm3_stm32f1.a(dma_common_l1f013.o)
 .debug_loc     0x00000e9d       0x97 opencm3/libopencm3/lib/libopencm3_stm32f1.a(gpio_common_all.o)
 .debug_loc     0x00000f34      0x4e2 opencm3/libopencm3/lib/libopencm3_stm32f1.a(timer_common_all.o)
 .debug_loc     0x00001416      0x1ca opencm3/libopencm3/lib/libopencm3_stm32f1.a(usart_common_all.o)
 .debug_loc     0x000015e0      0x108 opencm3/libopencm3/lib/libopencm3_stm32f1.a(rcc_common_all.o)
 .debug_loc     0x000016e8       0xea opencm3/libopencm3/lib/libopencm3_stm32f1.a(vector.o)
 .debug_loc     0x000017d2       0xf1 opencm3/libopencm3/lib/libopencm3_stm32f1.a(sync.o)

.debug_ranges   0x00000000      0x628
 .debug_ranges  0x00000000      0x138 opencm3/libopencm3/lib/libopencm3_stm32f1.a(adc_common_v1.o)
 .debug_ranges  0x00000138       0x28 opencm3/libopencm3/lib/libopencm3_stm32f1.a(gpio.o)
 .debug_ranges  0x00000160       0xd0 opencm3/libopencm3/lib/libopencm3_stm32f1.a(dma_common_l1f013.o)
 .debug_ranges  0x00000230       0x40 opencm3/libopencm3/lib/libopencm3_stm32f1.a(gpio_common_all.o)
 .debug_ranges  0x00000270      0x260 opencm3/libopencm3/lib/libopencm3_stm32f1.a(timer_common_all.o)
 .debug_ranges  0x000004d0       0xa8 opencm3/libopencm3/lib/libopencm3_stm32f1.a(usart_common_all.o)
 .debug_ranges  0x00000578       0x58 opencm3/libopencm3/lib/libopencm3_stm32f1.a(rcc_common_all.o)
 .debug_ranges  0x000005d0       0x20 opencm3/libopencm3/lib/libopencm3_stm32f1.a(vector.o)
 .debug_ranges  0x000005f0       0x38 opencm3/libopencm3/lib/libopencm3_stm32f1.a(sync.o)

.debug_line_str
                0x00000000       0xa7
 .debug_line_str
                0x00000000       0xa7 /usr/lib/gcc/arm-none-eabi/14.1.0/thumb/v7-m/nofp/libgcc.a(_arm_addsubdf3.o)
                                 0x93 (size before relaxing)
 .debug_line_str
                0x000000a7       0x93 /usr/lib/gcc/arm-none-eabi/14.1.0/thumb/v7-m/nofp/libgcc.a(_arm_muldivdf3.o)
 .debug_line_str
                0x000000a7       0x93 /usr/lib/gcc/arm-none-eabi/14.1.0/thumb/v7-m/nofp/libgcc.a(_arm_cmpdf2.o)
 .debug_line_str
                0x000000a7       0x93 /usr/lib/gcc/arm-none-eabi/14.1.0/thumb/v7-m/nofp/libgcc.a(_arm_fixdfsi.o)
 .debug_line_str
                0x000000a7       0x93 /usr/lib/gcc/arm-none-eabi/14.1.0/thumb/v7-m/nofp/libgcc.a(_arm_fixunsdfsi.o)
 .debug_line_str
                0x000000a7       0x8e /usr/lib/gcc/arm-none-eabi/14.1.0/thumb/v7-m/nofp/libgcc.a(_aeabi_uldivmod.o)
 .debug_line_str
                0x000000a7       0x92 /usr/lib/gcc/arm-none-eabi/14.1.0/thumb/v7-m/nofp/libgcc.a(_dvmd_tls.o)

Cross Reference Table

Symbol                                            File
BASE_FREQUENCY                                    mmlib/music.o
BASE_NOTE                                         mmlib/music.o
BASE_OCTAVE                                       mmlib/music.o
SEMITONES                                         mmlib/music.o
_Balloc                                           /usr/lib/gcc/arm-none-eabi/14.1.0/../../../../arm-none-eabi/lib/thumb/v7-m/nofp/libc.a(libc_a-mprec.o)
                                                  /usr/lib/gcc/arm-none-eabi/14.1.0/../../../../arm-none-eabi/lib/thumb/v7-m/nofp/libc.a(libc_a-gdtoa-gethex.o)
                                                  /usr/lib/gcc/arm-none-eabi/14.1.0/../../../../arm-none-eabi/lib/thumb/v7-m/nofp/libc.a(libc_a-strtod.o)
_Bfree                                            /usr/lib/gcc/arm-none-eabi/14.1.0/../../../../arm-none-eabi/lib/thumb/v7-m/nofp/libc.a(libc_a-mprec.o)
                                                  /usr/lib/gcc/arm-none-eabi/14.1.0/../../../../arm-none-eabi/lib/thumb/v7-m/nofp/libc.a(libc_a-gdtoa-gethex.o)
                                                  /usr/lib/gcc/arm-none-eabi/14.1.0/../../../../arm-none-eabi/lib/thumb/v7-m/nofp/libc.a(libc_a-strtod.o)
_PathLocale                                       /usr/lib/gcc/arm-none-eabi/14.1.0/../../../../arm-none-eabi/lib/thumb/v7-m/nofp/libc.a(libc_a-locale.o)
__adddf3                                          /usr/lib/gcc/arm-none-eabi/14.1.0/thumb/v7-m/nofp/libgcc.a(_arm_addsubdf3.o)
__addsf3                                          /usr/lib/gcc/arm-none-eabi/14.1.0/thumb/v7-m/nofp/libgcc.a(_arm_addsubsf3.o)
__aeabi_cdcmpeq                                   /usr/lib/gcc/arm-none-eabi/14.1.0/thumb/v7-m/nofp/libgcc.a(_arm_cmpdf2.o)
__aeabi_cdcmple                                   /usr/lib/gcc/arm-none-eabi/14.1.0/thumb/v7-m/nofp/libgcc.a(_arm_cmpdf2.o)
__aeabi_cdrcmple                                  /usr/lib/gcc/arm-none-eabi/14.1.0/thumb/v7-m/nofp/libgcc.a(_arm_cmpdf2.o)
__aeabi_cfcmpeq                                   /usr/lib/gcc/arm-none-eabi/14.1.0/thumb/v7-m/nofp/libgcc.a(_arm_cmpsf2.o)
__aeabi_cfcmple                                   /usr/lib/gcc/arm-none-eabi/14.1.0/thumb/v7-m/nofp/libgcc.a(_arm_cmpsf2.o)
__aeabi_cfrcmple                                  /usr/lib/gcc/arm-none-eabi/14.1.0/thumb/v7-m/nofp/libgcc.a(_arm_cmpsf2.o)
__aeabi_d2f                                       /usr/lib/gcc/arm-none-eabi/14.1.0/thumb/v7-m/nofp/libgcc.a(_arm_truncdfsf2.o)
                                                  /usr/lib/gcc/arm-none-eabi/14.1.0/../../../../arm-none-eabi/lib/thumb/v7-m/nofp/libc.a(libc_a-strtod.o)
                                                  mmlib/walls.o
                                                  mmlib/speed.o
                                                  mmlib/music.o
                                                  mmlib/mpu.o
                                                  mmlib/move.o
                                                  voltage.o
__aeabi_d2iz                                      /usr/lib/gcc/arm-none-eabi/14.1.0/thumb/v7-m/nofp/libgcc.a(_arm_fixdfsi.o)
                                                  /usr/lib/gcc/arm-none-eabi/14.1.0/../../../../arm-none-eabi/lib/thumb/v7-m/nofp/libm.a(libm_a-k_rem_pio2.o)
                                                  /usr/lib/gcc/arm-none-eabi/14.1.0/../../../../arm-none-eabi/lib/thumb/v7-m/nofp/libm.a(libm_a-e_rem_pio2.o)
                                                  /usr/lib/gcc/arm-none-eabi/14.1.0/../../../../arm-none-eabi/lib/thumb/v7-m/nofp/libm.a(libm_a-k_sin.o)
                                                  /usr/lib/gcc/arm-none-eabi/14.1.0/../../../../arm-none-eabi/lib/thumb/v7-m/nofp/libm.a(libm_a-k_cos.o)
                                                  mmlib/move.o
                                                  printf/printf.o
__aeabi_d2lz                                      /usr/lib/gcc/arm-none-eabi/14.1.0/thumb/v7-m/nofp/libgcc.a(_fixdfdi.o)
                                                  /usr/lib/gcc/arm-none-eabi/14.1.0/../../../../arm-none-eabi/lib/thumb/v7-m/nofp/libc.a(libc_a-strtod.o)
__aeabi_d2uiz                                     /usr/lib/gcc/arm-none-eabi/14.1.0/thumb/v7-m/nofp/libgcc.a(_arm_fixunsdfsi.o)
                                                  /usr/lib/gcc/arm-none-eabi/14.1.0/thumb/v7-m/nofp/libgcc.a(_fixunsdfdi.o)
                                                  /usr/lib/gcc/arm-none-eabi/14.1.0/../../../../arm-none-eabi/lib/thumb/v7-m/nofp/libc.a(libc_a-strtod.o)
                                                  printf/printf.o
__aeabi_d2ulz                                     /usr/lib/gcc/arm-none-eabi/14.1.0/thumb/v7-m/nofp/libgcc.a(_fixunsdfdi.o)
                                                  /usr/lib/gcc/arm-none-eabi/14.1.0/thumb/v7-m/nofp/libgcc.a(_fixdfdi.o)
__aeabi_dadd                                      /usr/lib/gcc/arm-none-eabi/14.1.0/thumb/v7-m/nofp/libgcc.a(_arm_addsubdf3.o)
                                                  /usr/lib/gcc/arm-none-eabi/14.1.0/../../../../arm-none-eabi/lib/thumb/v7-m/nofp/libc.a(libc_a-strtod.o)
                                                  /usr/lib/gcc/arm-none-eabi/14.1.0/../../../../arm-none-eabi/lib/thumb/v7-m/nofp/libm.a(libm_a-s_floor.o)
                                                  /usr/lib/gcc/arm-none-eabi/14.1.0/../../../../arm-none-eabi/lib/thumb/v7-m/nofp/libm.a(libm_a-k_rem_pio2.o)
                                                  /usr/lib/gcc/arm-none-eabi/14.1.0/../../../../arm-none-eabi/lib/thumb/v7-m/nofp/libm.a(libm_a-s_scalbn.o)
                                                  /usr/lib/gcc/arm-none-eabi/14.1.0/../../../../arm-none-eabi/lib/thumb/v7-m/nofp/libm.a(libm_a-e_rem_pio2.o)
                                                  /usr/lib/gcc/arm-none-eabi/14.1.0/../../../../arm-none-eabi/lib/thumb/v7-m/nofp/libm.a(libm_a-e_pow.o)
                                                  /usr/lib/gcc/arm-none-eabi/14.1.0/../../../../arm-none-eabi/lib/thumb/v7-m/nofp/libm.a(libm_a-k_sin.o)
                                                  /usr/lib/gcc/arm-none-eabi/14.1.0/../../../../arm-none-eabi/lib/thumb/v7-m/nofp/libm.a(libm_a-k_cos.o)
                                                  /usr/lib/gcc/arm-none-eabi/14.1.0/../../../../arm-none-eabi/lib/thumb/v7-m/nofp/libm.a(libm_a-e_sqrt.o)
                                                  mmlib/walls.o
                                                  mmlib/move.o
                                                  printf/printf.o
                                                  voltage.o
__aeabi_dcmpeq                                    /usr/lib/gcc/arm-none-eabi/14.1.0/thumb/v7-m/nofp/libgcc.a(_arm_cmpdf2.o)
                                                  /usr/lib/gcc/arm-none-eabi/14.1.0/../../../../arm-none-eabi/lib/thumb/v7-m/nofp/libc.a(libc_a-strtod.o)
                                                  /usr/lib/gcc/arm-none-eabi/14.1.0/../../../../arm-none-eabi/lib/thumb/v7-m/nofp/libm.a(libm_a-k_rem_pio2.o)
                                                  /usr/lib/gcc/arm-none-eabi/14.1.0/../../../../arm-none-eabi/lib/thumb/v7-m/nofp/libm.a(libm_a-math_err.o)
                                                  /usr/lib/gcc/arm-none-eabi/14.1.0/../../../../arm-none-eabi/lib/thumb/v7-m/nofp/libm.a(libm_a-e_rem_pio2.o)
                                                  /usr/lib/gcc/arm-none-eabi/14.1.0/../../../../arm-none-eabi/lib/thumb/v7-m/nofp/libm.a(libm_a-w_pow.o)
                                                  printf/printf.o
__aeabi_dcmpge                                    /usr/lib/gcc/arm-none-eabi/14.1.0/thumb/v7-m/nofp/libgcc.a(_arm_cmpdf2.o)
                                                  /usr/lib/gcc/arm-none-eabi/14.1.0/../../../../arm-none-eabi/lib/thumb/v7-m/nofp/libm.a(libm_a-k_rem_pio2.o)
                                                  /usr/lib/gcc/arm-none-eabi/14.1.0/../../../../arm-none-eabi/lib/thumb/v7-m/nofp/libm.a(libm_a-e_pow.o)
                                                  printf/printf.o
__aeabi_dcmpgt                                    /usr/lib/gcc/arm-none-eabi/14.1.0/thumb/v7-m/nofp/libgcc.a(_arm_cmpdf2.o)
                                                  /usr/lib/gcc/arm-none-eabi/14.1.0/../../../../arm-none-eabi/lib/thumb/v7-m/nofp/libc.a(libc_a-strtod.o)
                                                  /usr/lib/gcc/arm-none-eabi/14.1.0/../../../../arm-none-eabi/lib/thumb/v7-m/nofp/libm.a(libm_a-s_floor.o)
                                                  /usr/lib/gcc/arm-none-eabi/14.1.0/../../../../arm-none-eabi/lib/thumb/v7-m/nofp/libm.a(libm_a-e_pow.o)
                                                  mmlib/walls.o
                                                  printf/printf.o
__aeabi_dcmple                                    /usr/lib/gcc/arm-none-eabi/14.1.0/thumb/v7-m/nofp/libgcc.a(_arm_cmpdf2.o)
                                                  /usr/lib/gcc/arm-none-eabi/14.1.0/../../../../arm-none-eabi/lib/thumb/v7-m/nofp/libc.a(libc_a-strtod.o)
                                                  /usr/lib/gcc/arm-none-eabi/14.1.0/../../../../arm-none-eabi/lib/thumb/v7-m/nofp/libm.a(libm_a-math_err.o)
                                                  /usr/lib/gcc/arm-none-eabi/14.1.0/../../../../arm-none-eabi/lib/thumb/v7-m/nofp/libm.a(libm_a-e_sqrt.o)
                                                  printf/printf.o
__aeabi_dcmplt                                    /usr/lib/gcc/arm-none-eabi/14.1.0/thumb/v7-m/nofp/libgcc.a(_arm_cmpdf2.o)
                                                  /usr/lib/gcc/arm-none-eabi/14.1.0/thumb/v7-m/nofp/libgcc.a(_fixdfdi.o)
                                                  /usr/lib/gcc/arm-none-eabi/14.1.0/../../../../arm-none-eabi/lib/thumb/v7-m/nofp/libc.a(libc_a-strtod.o)
                                                  /usr/lib/gcc/arm-none-eabi/14.1.0/../../../../arm-none-eabi/lib/thumb/v7-m/nofp/libm.a(libm_a-e_pow.o)
                                                  /usr/lib/gcc/arm-none-eabi/14.1.0/../../../../arm-none-eabi/lib/thumb/v7-m/nofp/libm.a(libm_a-e_sqrt.o)
                                                  /usr/lib/gcc/arm-none-eabi/14.1.0/../../../../arm-none-eabi/lib/thumb/v7-m/nofp/libm.a(libm_a-w_sqrt.o)
                                                  /usr/lib/gcc/arm-none-eabi/14.1.0/../../../../arm-none-eabi/lib/thumb/v7-m/nofp/libm.a(libm_a-w_pow.o)
                                                  mmlib/walls.o
                                                  mmlib/move.o
                                                  mmlib/hmi.o
                                                  printf/printf.o
__aeabi_dcmpun                                    /usr/lib/gcc/arm-none-eabi/14.1.0/thumb/v7-m/nofp/libgcc.a(_arm_unorddf2.o)
                                                  /usr/lib/gcc/arm-none-eabi/14.1.0/../../../../arm-none-eabi/lib/thumb/v7-m/nofp/libc.a(libc_a-strtod.o)
                                                  /usr/lib/gcc/arm-none-eabi/14.1.0/../../../../arm-none-eabi/lib/thumb/v7-m/nofp/libm.a(libm_a-math_err.o)
                                                  /usr/lib/gcc/arm-none-eabi/14.1.0/../../../../arm-none-eabi/lib/thumb/v7-m/nofp/libm.a(libm_a-w_sqrt.o)
                                                  /usr/lib/gcc/arm-none-eabi/14.1.0/../../../../arm-none-eabi/lib/thumb/v7-m/nofp/libm.a(libm_a-w_pow.o)
__aeabi_ddiv                                      /usr/lib/gcc/arm-none-eabi/14.1.0/thumb/v7-m/nofp/libgcc.a(_arm_muldivdf3.o)
                                                  /usr/lib/gcc/arm-none-eabi/14.1.0/../../../../arm-none-eabi/lib/thumb/v7-m/nofp/libc.a(libc_a-mprec.o)
                                                  /usr/lib/gcc/arm-none-eabi/14.1.0/../../../../arm-none-eabi/lib/thumb/v7-m/nofp/libc.a(libc_a-strtod.o)
                                                  /usr/lib/gcc/arm-none-eabi/14.1.0/../../../../arm-none-eabi/lib/thumb/v7-m/nofp/libm.a(libm_a-math_err.o)
                                                  /usr/lib/gcc/arm-none-eabi/14.1.0/../../../../arm-none-eabi/lib/thumb/v7-m/nofp/libm.a(libm_a-e_pow.o)
                                                  /usr/lib/gcc/arm-none-eabi/14.1.0/../../../../arm-none-eabi/lib/thumb/v7-m/nofp/libm.a(libm_a-e_sqrt.o)
                                                  /usr/lib/gcc/arm-none-eabi/14.1.0/../../../../arm-none-eabi/lib/thumb/v7-m/nofp/libm.a(libm_a-w_sqrt.o)
                                                  mmlib/speed.o
                                                  mmlib/music.o
                                                  mmlib/mpu.o
                                                  mmlib/move.o
                                                  printf/printf.o
__aeabi_dmul                                      /usr/lib/gcc/arm-none-eabi/14.1.0/thumb/v7-m/nofp/libgcc.a(_arm_muldivdf3.o)
                                                  /usr/lib/gcc/arm-none-eabi/14.1.0/thumb/v7-m/nofp/libgcc.a(_arm_muldf3.o)
                                                  /usr/lib/gcc/arm-none-eabi/14.1.0/thumb/v7-m/nofp/libgcc.a(_fixunsdfdi.o)
                                                  /usr/lib/gcc/arm-none-eabi/14.1.0/../../../../arm-none-eabi/lib/thumb/v7-m/nofp/libc.a(libc_a-mprec.o)
                                                  /usr/lib/gcc/arm-none-eabi/14.1.0/../../../../arm-none-eabi/lib/thumb/v7-m/nofp/libc.a(libc_a-strtod.o)
                                                  /usr/lib/gcc/arm-none-eabi/14.1.0/../../../../arm-none-eabi/lib/thumb/v7-m/nofp/libm.a(libm_a-k_rem_pio2.o)
                                                  /usr/lib/gcc/arm-none-eabi/14.1.0/../../../../arm-none-eabi/lib/thumb/v7-m/nofp/libm.a(libm_a-math_err.o)
                                                  /usr/lib/gcc/arm-none-eabi/14.1.0/../../../../arm-none-eabi/lib/thumb/v7-m/nofp/libm.a(libm_a-s_scalbn.o)
                                                  /usr/lib/gcc/arm-none-eabi/14.1.0/../../../../arm-none-eabi/lib/thumb/v7-m/nofp/libm.a(libm_a-e_rem_pio2.o)
                                                  /usr/lib/gcc/arm-none-eabi/14.1.0/../../../../arm-none-eabi/lib/thumb/v7-m/nofp/libm.a(libm_a-e_pow.o)
                                                  /usr/lib/gcc/arm-none-eabi/14.1.0/../../../../arm-none-eabi/lib/thumb/v7-m/nofp/libm.a(libm_a-k_sin.o)
                                                  /usr/lib/gcc/arm-none-eabi/14.1.0/../../../../arm-none-eabi/lib/thumb/v7-m/nofp/libm.a(libm_a-k_cos.o)
                                                  /usr/lib/gcc/arm-none-eabi/14.1.0/../../../../arm-none-eabi/lib/thumb/v7-m/nofp/libm.a(libm_a-e_sqrt.o)
                                                  mmlib/speed.o
                                                  mmlib/music.o
                                                  mmlib/mpu.o
                                                  mmlib/move.o
                                                  printf/printf.o
                                                  voltage.o
__aeabi_drsub                                     /usr/lib/gcc/arm-none-eabi/14.1.0/thumb/v7-m/nofp/libgcc.a(_arm_addsubdf3.o)
__aeabi_dsub                                      /usr/lib/gcc/arm-none-eabi/14.1.0/thumb/v7-m/nofp/libgcc.a(_arm_addsubdf3.o)
                                                  /usr/lib/gcc/arm-none-eabi/14.1.0/thumb/v7-m/nofp/libgcc.a(_fixunsdfdi.o)
                                                  /usr/lib/gcc/arm-none-eabi/14.1.0/../../../../arm-none-eabi/lib/thumb/v7-m/nofp/libc.a(libc_a-strtod.o)
                                                  /usr/lib/gcc/arm-none-eabi/14.1.0/../../../../arm-none-eabi/lib/thumb/v7-m/nofp/libm.a(libm_a-k_rem_pio2.o)
                                                  /usr/lib/gcc/arm-none-eabi/14.1.0/../../../../arm-none-eabi/lib/thumb/v7-m/nofp/libm.a(libm_a-math_err.o)
                                                  /usr/lib/gcc/arm-none-eabi/14.1.0/../../../../arm-none-eabi/lib/thumb/v7-m/nofp/libm.a(libm_a-e_rem_pio2.o)
                                                  /usr/lib/gcc/arm-none-eabi/14.1.0/../../../../arm-none-eabi/lib/thumb/v7-m/nofp/libm.a(libm_a-e_pow.o)
                                                  /usr/lib/gcc/arm-none-eabi/14.1.0/../../../../arm-none-eabi/lib/thumb/v7-m/nofp/libm.a(libm_a-k_sin.o)
                                                  /usr/lib/gcc/arm-none-eabi/14.1.0/../../../../arm-none-eabi/lib/thumb/v7-m/nofp/libm.a(libm_a-k_cos.o)
                                                  /usr/lib/gcc/arm-none-eabi/14.1.0/../../../../arm-none-eabi/lib/thumb/v7-m/nofp/libm.a(libm_a-e_sqrt.o)
                                                  /usr/lib/gcc/arm-none-eabi/14.1.0/../../../../arm-none-eabi/lib/thumb/v7-m/nofp/libm.a(libm_a-s_sin.o)
                                                  mmlib/walls.o
                                                  mmlib/speed.o
                                                  mmlib/move.o
                                                  printf/printf.o
__aeabi_f2d                                       /usr/lib/gcc/arm-none-eabi/14.1.0/thumb/v7-m/nofp/libgcc.a(_arm_addsubdf3.o)
                                                  mmlib/walls.o
                                                  mmlib/speed.o
                                                  mmlib/music.o
                                                  mmlib/mpu.o
                                                  mmlib/move.o
                                                  mmlib/logging.o
                                                  mmlib/hmi.o
__aeabi_f2iz                                      /usr/lib/gcc/arm-none-eabi/14.1.0/thumb/v7-m/nofp/libgcc.a(_arm_fixsfsi.o)
                                                  mmlib/mpu.o
                                                  mmlib/move.o
                                                  mmlib/encoder.o
                                                  mmlib/control.o
__aeabi_f2uiz                                     /usr/lib/gcc/arm-none-eabi/14.1.0/thumb/v7-m/nofp/libgcc.a(_arm_fixunssfsi.o)
                                                  mmlib/move.o
                                                  mmlib/clock.o
                                                  speaker.o
__aeabi_fadd                                      /usr/lib/gcc/arm-none-eabi/14.1.0/thumb/v7-m/nofp/libgcc.a(_arm_addsubsf3.o)
                                                  mmlib/walls.o
                                                  mmlib/speed.o
                                                  mmlib/mpu.o
                                                  mmlib/move.o
                                                  mmlib/hmi.o
                                                  mmlib/control.o
__aeabi_fcmpeq                                    /usr/lib/gcc/arm-none-eabi/14.1.0/thumb/v7-m/nofp/libgcc.a(_arm_cmpsf2.o)
                                                  mmlib/move.o
__aeabi_fcmpge                                    /usr/lib/gcc/arm-none-eabi/14.1.0/thumb/v7-m/nofp/libgcc.a(_arm_cmpsf2.o)
__aeabi_fcmpgt                                    /usr/lib/gcc/arm-none-eabi/14.1.0/thumb/v7-m/nofp/libgcc.a(_arm_cmpsf2.o)
                                                  mmlib/walls.o
                                                  mmlib/move.o
                                                  mmlib/control.o
                                                  mmlib/common.o
__aeabi_fcmple                                    /usr/lib/gcc/arm-none-eabi/14.1.0/thumb/v7-m/nofp/libgcc.a(_arm_cmpsf2.o)
                                                  /usr/lib/gcc/arm-none-eabi/14.1.0/../../../../arm-none-eabi/lib/thumb/v7-m/nofp/libc.a(libc_a-strtod.o)
                                                  mmlib/speed.o
                                                  mmlib/move.o
__aeabi_fcmplt                                    /usr/lib/gcc/arm-none-eabi/14.1.0/thumb/v7-m/nofp/libgcc.a(_arm_cmpsf2.o)
                                                  mmlib/walls.o
                                                  mmlib/speed.o
                                                  mmlib/move.o
                                                  mmlib/hmi.o
                                                  mmlib/control.o
                                                  mmlib/common.o
__aeabi_fcmpun                                    /usr/lib/gcc/arm-none-eabi/14.1.0/thumb/v7-m/nofp/libgcc.a(_arm_unordsf2.o)
                                                  /usr/lib/gcc/arm-none-eabi/14.1.0/../../../../arm-none-eabi/lib/thumb/v7-m/nofp/libc.a(libc_a-strtod.o)
__aeabi_fdiv                                      /usr/lib/gcc/arm-none-eabi/14.1.0/thumb/v7-m/nofp/libgcc.a(_arm_muldivsf3.o)
                                                  mmlib/walls.o
                                                  mmlib/speed.o
                                                  mmlib/mpu.o
                                                  mmlib/move.o
                                                  mmlib/encoder.o
                                                  mmlib/control.o
                                                  mmlib/clock.o
                                                  speaker.o
__aeabi_fmul                                      /usr/lib/gcc/arm-none-eabi/14.1.0/thumb/v7-m/nofp/libgcc.a(_arm_muldivsf3.o)
                                                  /usr/lib/gcc/arm-none-eabi/14.1.0/thumb/v7-m/nofp/libgcc.a(_arm_mulsf3.o)
                                                  mmlib/walls.o
                                                  mmlib/speed.o
                                                  mmlib/mpu.o
                                                  mmlib/move.o
                                                  mmlib/hmi.o
                                                  mmlib/encoder.o
                                                  mmlib/control.o
                                                  mmlib/clock.o
__aeabi_frsub                                     /usr/lib/gcc/arm-none-eabi/14.1.0/thumb/v7-m/nofp/libgcc.a(_arm_addsubsf3.o)
__aeabi_fsub                                      /usr/lib/gcc/arm-none-eabi/14.1.0/thumb/v7-m/nofp/libgcc.a(_arm_addsubsf3.o)
                                                  mmlib/walls.o
                                                  mmlib/speed.o
                                                  mmlib/mpu.o
                                                  mmlib/move.o
                                                  mmlib/control.o
__aeabi_i2d                                       /usr/lib/gcc/arm-none-eabi/14.1.0/thumb/v7-m/nofp/libgcc.a(_arm_addsubdf3.o)
                                                  /usr/lib/gcc/arm-none-eabi/14.1.0/../../../../arm-none-eabi/lib/thumb/v7-m/nofp/libm.a(libm_a-k_rem_pio2.o)
                                                  /usr/lib/gcc/arm-none-eabi/14.1.0/../../../../arm-none-eabi/lib/thumb/v7-m/nofp/libm.a(libm_a-e_rem_pio2.o)
                                                  /usr/lib/gcc/arm-none-eabi/14.1.0/../../../../arm-none-eabi/lib/thumb/v7-m/nofp/libm.a(libm_a-e_pow.o)
                                                  mmlib/music.o
                                                  mmlib/move.o
                                                  printf/printf.o
                                                  voltage.o
__aeabi_i2f                                       /usr/lib/gcc/arm-none-eabi/14.1.0/thumb/v7-m/nofp/libgcc.a(_arm_addsubsf3.o)
                                                  mmlib/speed.o
                                                  mmlib/mpu.o
                                                  mmlib/move.o
                                                  mmlib/hmi.o
                                                  mmlib/encoder.o
__aeabi_idiv0                                     /usr/lib/gcc/arm-none-eabi/14.1.0/thumb/v7-m/nofp/libgcc.a(_dvmd_tls.o)
__aeabi_l2d                                       /usr/lib/gcc/arm-none-eabi/14.1.0/thumb/v7-m/nofp/libgcc.a(_arm_addsubdf3.o)
                                                  /usr/lib/gcc/arm-none-eabi/14.1.0/../../../../arm-none-eabi/lib/thumb/v7-m/nofp/libc.a(libc_a-strtod.o)
__aeabi_l2f                                       /usr/lib/gcc/arm-none-eabi/14.1.0/thumb/v7-m/nofp/libgcc.a(_arm_addsubsf3.o)
__aeabi_ldiv0                                     /usr/lib/gcc/arm-none-eabi/14.1.0/thumb/v7-m/nofp/libgcc.a(_dvmd_tls.o)
                                                  /usr/lib/gcc/arm-none-eabi/14.1.0/thumb/v7-m/nofp/libgcc.a(_aeabi_uldivmod.o)
__aeabi_ui2d                                      /usr/lib/gcc/arm-none-eabi/14.1.0/thumb/v7-m/nofp/libgcc.a(_arm_addsubdf3.o)
                                                  /usr/lib/gcc/arm-none-eabi/14.1.0/thumb/v7-m/nofp/libgcc.a(_fixunsdfdi.o)
                                                  /usr/lib/gcc/arm-none-eabi/14.1.0/../../../../arm-none-eabi/lib/thumb/v7-m/nofp/libc.a(libc_a-strtod.o)
                                                  printf/printf.o
__aeabi_ui2f                                      /usr/lib/gcc/arm-none-eabi/14.1.0/thumb/v7-m/nofp/libgcc.a(_arm_addsubsf3.o)
                                                  mmlib/clock.o
__aeabi_ul2d                                      /usr/lib/gcc/arm-none-eabi/14.1.0/thumb/v7-m/nofp/libgcc.a(_arm_addsubdf3.o)
__aeabi_ul2f                                      /usr/lib/gcc/arm-none-eabi/14.1.0/thumb/v7-m/nofp/libgcc.a(_arm_addsubsf3.o)
__aeabi_uldivmod                                  /usr/lib/gcc/arm-none-eabi/14.1.0/thumb/v7-m/nofp/libgcc.a(_aeabi_uldivmod.o)
                                                  printf/printf.o
__any_on                                          /usr/lib/gcc/arm-none-eabi/14.1.0/../../../../arm-none-eabi/lib/thumb/v7-m/nofp/libc.a(libc_a-mprec.o)
                                                  /usr/lib/gcc/arm-none-eabi/14.1.0/../../../../arm-none-eabi/lib/thumb/v7-m/nofp/libc.a(libc_a-gdtoa-gethex.o)
__ascii_mbtowc                                    /usr/lib/gcc/arm-none-eabi/14.1.0/../../../../arm-none-eabi/lib/thumb/v7-m/nofp/libc.a(libc_a-mbtowc_r.o)
                                                  /usr/lib/gcc/arm-none-eabi/14.1.0/../../../../arm-none-eabi/lib/thumb/v7-m/nofp/libc.a(libc_a-locale.o)
__ascii_wctomb                                    /usr/lib/gcc/arm-none-eabi/14.1.0/../../../../arm-none-eabi/lib/thumb/v7-m/nofp/libc.a(libc_a-wctomb_r.o)
                                                  /usr/lib/gcc/arm-none-eabi/14.1.0/../../../../arm-none-eabi/lib/thumb/v7-m/nofp/libc.a(libc_a-locale.o)
__assert                                          /usr/lib/gcc/arm-none-eabi/14.1.0/../../../../arm-none-eabi/lib/thumb/v7-m/nofp/libc.a(libc_a-assert.o)
__assert_func                                     /usr/lib/gcc/arm-none-eabi/14.1.0/../../../../arm-none-eabi/lib/thumb/v7-m/nofp/libc.a(libc_a-assert.o)
                                                  /usr/lib/gcc/arm-none-eabi/14.1.0/../../../../arm-none-eabi/lib/thumb/v7-m/nofp/libc.a(libc_a-mprec.o)
                                                  /usr/lib/gcc/arm-none-eabi/14.1.0/../../../../arm-none-eabi/lib/thumb/v7-m/nofp/libc.a(libc_a-gdtoa-gethex.o)
__b2d                                             /usr/lib/gcc/arm-none-eabi/14.1.0/../../../../arm-none-eabi/lib/thumb/v7-m/nofp/libc.a(libc_a-mprec.o)
__cmpdf2                                          /usr/lib/gcc/arm-none-eabi/14.1.0/thumb/v7-m/nofp/libgcc.a(_arm_cmpdf2.o)
__cmpsf2                                          /usr/lib/gcc/arm-none-eabi/14.1.0/thumb/v7-m/nofp/libgcc.a(_arm_cmpsf2.o)
__copybits                                        /usr/lib/gcc/arm-none-eabi/14.1.0/../../../../arm-none-eabi/lib/thumb/v7-m/nofp/libc.a(libc_a-mprec.o)
                                                  /usr/lib/gcc/arm-none-eabi/14.1.0/../../../../arm-none-eabi/lib/thumb/v7-m/nofp/libc.a(libc_a-strtod.o)
__d2b                                             /usr/lib/gcc/arm-none-eabi/14.1.0/../../../../arm-none-eabi/lib/thumb/v7-m/nofp/libc.a(libc_a-mprec.o)
                                                  /usr/lib/gcc/arm-none-eabi/14.1.0/../../../../arm-none-eabi/lib/thumb/v7-m/nofp/libc.a(libc_a-strtod.o)
__divdf3                                          /usr/lib/gcc/arm-none-eabi/14.1.0/thumb/v7-m/nofp/libgcc.a(_arm_muldivdf3.o)
__divsf3                                          /usr/lib/gcc/arm-none-eabi/14.1.0/thumb/v7-m/nofp/libgcc.a(_arm_muldivsf3.o)
__dmb                                             opencm3/libopencm3/lib/libopencm3_stm32f1.a(sync.o)
__eqdf2                                           /usr/lib/gcc/arm-none-eabi/14.1.0/thumb/v7-m/nofp/libgcc.a(_arm_cmpdf2.o)
__eqsf2                                           /usr/lib/gcc/arm-none-eabi/14.1.0/thumb/v7-m/nofp/libgcc.a(_arm_cmpsf2.o)
__errno                                           /usr/lib/gcc/arm-none-eabi/14.1.0/../../../../arm-none-eabi/lib/thumb/v7-m/nofp/libc.a(libc_a-errno.o)
                                                  /usr/lib/gcc/arm-none-eabi/14.1.0/../../../../arm-none-eabi/lib/thumb/v7-m/nofp/libc.a(libc_a-sysconf.o)
                                                  /usr/lib/gcc/arm-none-eabi/14.1.0/../../../../arm-none-eabi/lib/thumb/v7-m/nofp/libc.a(libc_a-callocr.o)
                                                  /usr/lib/gcc/arm-none-eabi/14.1.0/../../../../arm-none-eabi/lib/thumb/v7-m/nofp/libc.a(libc_a-strtod.o)
                                                  /usr/lib/gcc/arm-none-eabi/14.1.0/../../../../arm-none-eabi/lib/thumb/v7-m/nofp/libm.a(libm_a-math_err.o)
                                                  /usr/lib/gcc/arm-none-eabi/14.1.0/../../../../arm-none-eabi/lib/thumb/v7-m/nofp/libm.a(libm_a-w_sqrt.o)
                                                  /usr/lib/gcc/arm-none-eabi/14.1.0/../../../../arm-none-eabi/lib/thumb/v7-m/nofp/libm.a(libm_a-w_pow.o)
__extendsfdf2                                     /usr/lib/gcc/arm-none-eabi/14.1.0/thumb/v7-m/nofp/libgcc.a(_arm_addsubdf3.o)
__fini_array_end                                  opencm3/libopencm3/lib/libopencm3_stm32f1.a(vector.o)
__fini_array_start                                opencm3/libopencm3/lib/libopencm3_stm32f1.a(vector.o)
__fixdfdi                                         /usr/lib/gcc/arm-none-eabi/14.1.0/thumb/v7-m/nofp/libgcc.a(_fixdfdi.o)
__fixdfsi                                         /usr/lib/gcc/arm-none-eabi/14.1.0/thumb/v7-m/nofp/libgcc.a(_arm_fixdfsi.o)
__fixsfsi                                         /usr/lib/gcc/arm-none-eabi/14.1.0/thumb/v7-m/nofp/libgcc.a(_arm_fixsfsi.o)
__fixunsdfdi                                      /usr/lib/gcc/arm-none-eabi/14.1.0/thumb/v7-m/nofp/libgcc.a(_fixunsdfdi.o)
__fixunsdfsi                                      /usr/lib/gcc/arm-none-eabi/14.1.0/thumb/v7-m/nofp/libgcc.a(_arm_fixunsdfsi.o)
__fixunssfsi                                      /usr/lib/gcc/arm-none-eabi/14.1.0/thumb/v7-m/nofp/libgcc.a(_arm_fixunssfsi.o)
__floatdidf                                       /usr/lib/gcc/arm-none-eabi/14.1.0/thumb/v7-m/nofp/libgcc.a(_arm_addsubdf3.o)
__floatdisf                                       /usr/lib/gcc/arm-none-eabi/14.1.0/thumb/v7-m/nofp/libgcc.a(_arm_addsubsf3.o)
__floatsidf                                       /usr/lib/gcc/arm-none-eabi/14.1.0/thumb/v7-m/nofp/libgcc.a(_arm_addsubdf3.o)
__floatsisf                                       /usr/lib/gcc/arm-none-eabi/14.1.0/thumb/v7-m/nofp/libgcc.a(_arm_addsubsf3.o)
__floatundidf                                     /usr/lib/gcc/arm-none-eabi/14.1.0/thumb/v7-m/nofp/libgcc.a(_arm_addsubdf3.o)
__floatundisf                                     /usr/lib/gcc/arm-none-eabi/14.1.0/thumb/v7-m/nofp/libgcc.a(_arm_addsubsf3.o)
__floatunsidf                                     /usr/lib/gcc/arm-none-eabi/14.1.0/thumb/v7-m/nofp/libgcc.a(_arm_addsubdf3.o)
__floatunsisf                                     /usr/lib/gcc/arm-none-eabi/14.1.0/thumb/v7-m/nofp/libgcc.a(_arm_addsubsf3.o)
__fp_lock_all                                     /usr/lib/gcc/arm-none-eabi/14.1.0/../../../../arm-none-eabi/lib/thumb/v7-m/nofp/libc.a(libc_a-findfp.o)
__fp_unlock_all                                   /usr/lib/gcc/arm-none-eabi/14.1.0/../../../../arm-none-eabi/lib/thumb/v7-m/nofp/libc.a(libc_a-findfp.o)
__gedf2                                           /usr/lib/gcc/arm-none-eabi/14.1.0/thumb/v7-m/nofp/libgcc.a(_arm_cmpdf2.o)
__gesf2                                           /usr/lib/gcc/arm-none-eabi/14.1.0/thumb/v7-m/nofp/libgcc.a(_arm_cmpsf2.o)
__gethex                                          /usr/lib/gcc/arm-none-eabi/14.1.0/../../../../arm-none-eabi/lib/thumb/v7-m/nofp/libc.a(libc_a-gdtoa-gethex.o)
                                                  /usr/lib/gcc/arm-none-eabi/14.1.0/../../../../arm-none-eabi/lib/thumb/v7-m/nofp/libc.a(libc_a-strtod.o)
__global_locale                                   /usr/lib/gcc/arm-none-eabi/14.1.0/../../../../arm-none-eabi/lib/thumb/v7-m/nofp/libc.a(libc_a-locale.o)
                                                  /usr/lib/gcc/arm-none-eabi/14.1.0/../../../../arm-none-eabi/lib/thumb/v7-m/nofp/libc.a(libc_a-localeconv.o)
                                                  /usr/lib/gcc/arm-none-eabi/14.1.0/../../../../arm-none-eabi/lib/thumb/v7-m/nofp/libc.a(libc_a-wctomb_r.o)
                                                  /usr/lib/gcc/arm-none-eabi/14.1.0/../../../../arm-none-eabi/lib/thumb/v7-m/nofp/libc.a(libc_a-mbtowc_r.o)
                                                  /usr/lib/gcc/arm-none-eabi/14.1.0/../../../../arm-none-eabi/lib/thumb/v7-m/nofp/libc.a(libc_a-strtod.o)
__gtdf2                                           /usr/lib/gcc/arm-none-eabi/14.1.0/thumb/v7-m/nofp/libgcc.a(_arm_cmpdf2.o)
__gtsf2                                           /usr/lib/gcc/arm-none-eabi/14.1.0/thumb/v7-m/nofp/libgcc.a(_arm_cmpsf2.o)
__hexdig                                          /usr/lib/gcc/arm-none-eabi/14.1.0/../../../../arm-none-eabi/lib/thumb/v7-m/nofp/libc.a(libc_a-gdtoa-gethex.o)
                                                  /usr/lib/gcc/arm-none-eabi/14.1.0/../../../../arm-none-eabi/lib/thumb/v7-m/nofp/libc.a(libc_a-gdtoa-hexnan.o)
__hexnan                                          /usr/lib/gcc/arm-none-eabi/14.1.0/../../../../arm-none-eabi/lib/thumb/v7-m/nofp/libc.a(libc_a-gdtoa-hexnan.o)
                                                  /usr/lib/gcc/arm-none-eabi/14.1.0/../../../../arm-none-eabi/lib/thumb/v7-m/nofp/libc.a(libc_a-strtod.o)
__hi0bits                                         /usr/lib/gcc/arm-none-eabi/14.1.0/../../../../arm-none-eabi/lib/thumb/v7-m/nofp/libc.a(libc_a-mprec.o)
                                                  /usr/lib/gcc/arm-none-eabi/14.1.0/../../../../arm-none-eabi/lib/thumb/v7-m/nofp/libc.a(libc_a-gdtoa-gethex.o)
__i2b                                             /usr/lib/gcc/arm-none-eabi/14.1.0/../../../../arm-none-eabi/lib/thumb/v7-m/nofp/libc.a(libc_a-mprec.o)
                                                  /usr/lib/gcc/arm-none-eabi/14.1.0/../../../../arm-none-eabi/lib/thumb/v7-m/nofp/libc.a(libc_a-strtod.o)
__ieee754_pow                                     /usr/lib/gcc/arm-none-eabi/14.1.0/../../../../arm-none-eabi/lib/thumb/v7-m/nofp/libm.a(libm_a-e_pow.o)
                                                  /usr/lib/gcc/arm-none-eabi/14.1.0/../../../../arm-none-eabi/lib/thumb/v7-m/nofp/libm.a(libm_a-w_pow.o)
__ieee754_rem_pio2                                /usr/lib/gcc/arm-none-eabi/14.1.0/../../../../arm-none-eabi/lib/thumb/v7-m/nofp/libm.a(libm_a-e_rem_pio2.o)
                                                  /usr/lib/gcc/arm-none-eabi/14.1.0/../../../../arm-none-eabi/lib/thumb/v7-m/nofp/libm.a(libm_a-s_sin.o)
__ieee754_sqrt                                    /usr/lib/gcc/arm-none-eabi/14.1.0/../../../../arm-none-eabi/lib/thumb/v7-m/nofp/libm.a(libm_a-e_sqrt.o)
                                                  /usr/lib/gcc/arm-none-eabi/14.1.0/../../../../arm-none-eabi/lib/thumb/v7-m/nofp/libm.a(libm_a-e_pow.o)
                                                  /usr/lib/gcc/arm-none-eabi/14.1.0/../../../../arm-none-eabi/lib/thumb/v7-m/nofp/libm.a(libm_a-w_sqrt.o)
__init_array_end                                  opencm3/libopencm3/lib/libopencm3_stm32f1.a(vector.o)
__init_array_start                                opencm3/libopencm3/lib/libopencm3_stm32f1.a(vector.o)
__kernel_cos                                      /usr/lib/gcc/arm-none-eabi/14.1.0/../../../../arm-none-eabi/lib/thumb/v7-m/nofp/libm.a(libm_a-k_cos.o)
                                                  /usr/lib/gcc/arm-none-eabi/14.1.0/../../../../arm-none-eabi/lib/thumb/v7-m/nofp/libm.a(libm_a-s_sin.o)
__kernel_rem_pio2                                 /usr/lib/gcc/arm-none-eabi/14.1.0/../../../../arm-none-eabi/lib/thumb/v7-m/nofp/libm.a(libm_a-k_rem_pio2.o)
                                                  /usr/lib/gcc/arm-none-eabi/14.1.0/../../../../arm-none-eabi/lib/thumb/v7-m/nofp/libm.a(libm_a-e_rem_pio2.o)
__kernel_sin                                      /usr/lib/gcc/arm-none-eabi/14.1.0/../../../../arm-none-eabi/lib/thumb/v7-m/nofp/libm.a(libm_a-k_sin.o)
                                                  /usr/lib/gcc/arm-none-eabi/14.1.0/../../../../arm-none-eabi/lib/thumb/v7-m/nofp/libm.a(libm_a-s_sin.o)
__ldrex                                           opencm3/libopencm3/lib/libopencm3_stm32f1.a(sync.o)
__ledf2                                           /usr/lib/gcc/arm-none-eabi/14.1.0/thumb/v7-m/nofp/libgcc.a(_arm_cmpdf2.o)
__lesf2                                           /usr/lib/gcc/arm-none-eabi/14.1.0/thumb/v7-m/nofp/libgcc.a(_arm_cmpsf2.o)
__lo0bits                                         /usr/lib/gcc/arm-none-eabi/14.1.0/../../../../arm-none-eabi/lib/thumb/v7-m/nofp/libc.a(libc_a-mprec.o)
__locale_mb_cur_max                               /usr/lib/gcc/arm-none-eabi/14.1.0/../../../../arm-none-eabi/lib/thumb/v7-m/nofp/libc.a(libc_a-locale.o)
__localeconv_l                                    /usr/lib/gcc/arm-none-eabi/14.1.0/../../../../arm-none-eabi/lib/thumb/v7-m/nofp/libc.a(libc_a-localeconv.o)
__lock___arc4random_mutex                         /usr/lib/gcc/arm-none-eabi/14.1.0/../../../../arm-none-eabi/lib/thumb/v7-m/nofp/libc.a(libc_a-lock.o)
__lock___at_quick_exit_mutex                      /usr/lib/gcc/arm-none-eabi/14.1.0/../../../../arm-none-eabi/lib/thumb/v7-m/nofp/libc.a(libc_a-lock.o)
__lock___atexit_recursive_mutex                   /usr/lib/gcc/arm-none-eabi/14.1.0/../../../../arm-none-eabi/lib/thumb/v7-m/nofp/libc.a(libc_a-lock.o)
__lock___dd_hash_mutex                            /usr/lib/gcc/arm-none-eabi/14.1.0/../../../../arm-none-eabi/lib/thumb/v7-m/nofp/libc.a(libc_a-lock.o)
__lock___env_recursive_mutex                      /usr/lib/gcc/arm-none-eabi/14.1.0/../../../../arm-none-eabi/lib/thumb/v7-m/nofp/libc.a(libc_a-lock.o)
__lock___malloc_recursive_mutex                   /usr/lib/gcc/arm-none-eabi/14.1.0/../../../../arm-none-eabi/lib/thumb/v7-m/nofp/libc.a(libc_a-lock.o)
                                                  /usr/lib/gcc/arm-none-eabi/14.1.0/../../../../arm-none-eabi/lib/thumb/v7-m/nofp/libc.a(libc_a-mlock.o)
__lock___sfp_recursive_mutex                      /usr/lib/gcc/arm-none-eabi/14.1.0/../../../../arm-none-eabi/lib/thumb/v7-m/nofp/libc.a(libc_a-lock.o)
                                                  /usr/lib/gcc/arm-none-eabi/14.1.0/../../../../arm-none-eabi/lib/thumb/v7-m/nofp/libc.a(libc_a-findfp.o)
__lock___tz_mutex                                 /usr/lib/gcc/arm-none-eabi/14.1.0/../../../../arm-none-eabi/lib/thumb/v7-m/nofp/libc.a(libc_a-lock.o)
__lshift                                          /usr/lib/gcc/arm-none-eabi/14.1.0/../../../../arm-none-eabi/lib/thumb/v7-m/nofp/libc.a(libc_a-mprec.o)
                                                  /usr/lib/gcc/arm-none-eabi/14.1.0/../../../../arm-none-eabi/lib/thumb/v7-m/nofp/libc.a(libc_a-gdtoa-gethex.o)
                                                  /usr/lib/gcc/arm-none-eabi/14.1.0/../../../../arm-none-eabi/lib/thumb/v7-m/nofp/libc.a(libc_a-strtod.o)
__ltdf2                                           /usr/lib/gcc/arm-none-eabi/14.1.0/thumb/v7-m/nofp/libgcc.a(_arm_cmpdf2.o)
__ltsf2                                           /usr/lib/gcc/arm-none-eabi/14.1.0/thumb/v7-m/nofp/libgcc.a(_arm_cmpsf2.o)
__malloc_av_                                      /usr/lib/gcc/arm-none-eabi/14.1.0/../../../../arm-none-eabi/lib/thumb/v7-m/nofp/libc.a(libc_a-mallocr.o)
                                                  /usr/lib/gcc/arm-none-eabi/14.1.0/../../../../arm-none-eabi/lib/thumb/v7-m/nofp/libc.a(libc_a-reallocr.o)
                                                  /usr/lib/gcc/arm-none-eabi/14.1.0/../../../../arm-none-eabi/lib/thumb/v7-m/nofp/libc.a(libc_a-freer.o)
__malloc_current_mallinfo                         /usr/lib/gcc/arm-none-eabi/14.1.0/../../../../arm-none-eabi/lib/thumb/v7-m/nofp/libc.a(libc_a-mallocr.o)
                                                  /usr/lib/gcc/arm-none-eabi/14.1.0/../../../../arm-none-eabi/lib/thumb/v7-m/nofp/libc.a(libc_a-freer.o)
__malloc_lock                                     /usr/lib/gcc/arm-none-eabi/14.1.0/../../../../arm-none-eabi/lib/thumb/v7-m/nofp/libc.a(libc_a-mlock.o)
                                                  /usr/lib/gcc/arm-none-eabi/14.1.0/../../../../arm-none-eabi/lib/thumb/v7-m/nofp/libc.a(libc_a-reallocr.o)
                                                  /usr/lib/gcc/arm-none-eabi/14.1.0/../../../../arm-none-eabi/lib/thumb/v7-m/nofp/libc.a(libc_a-mallocr.o)
                                                  /usr/lib/gcc/arm-none-eabi/14.1.0/../../../../arm-none-eabi/lib/thumb/v7-m/nofp/libc.a(libc_a-freer.o)
__malloc_max_sbrked_mem                           /usr/lib/gcc/arm-none-eabi/14.1.0/../../../../arm-none-eabi/lib/thumb/v7-m/nofp/libc.a(libc_a-mallocr.o)
__malloc_max_total_mem                            /usr/lib/gcc/arm-none-eabi/14.1.0/../../../../arm-none-eabi/lib/thumb/v7-m/nofp/libc.a(libc_a-mallocr.o)
__malloc_sbrk_base                                /usr/lib/gcc/arm-none-eabi/14.1.0/../../../../arm-none-eabi/lib/thumb/v7-m/nofp/libc.a(libc_a-mallocr.o)
                                                  /usr/lib/gcc/arm-none-eabi/14.1.0/../../../../arm-none-eabi/lib/thumb/v7-m/nofp/libc.a(libc_a-freer.o)
__malloc_top_pad                                  /usr/lib/gcc/arm-none-eabi/14.1.0/../../../../arm-none-eabi/lib/thumb/v7-m/nofp/libc.a(libc_a-mallocr.o)
                                                  /usr/lib/gcc/arm-none-eabi/14.1.0/../../../../arm-none-eabi/lib/thumb/v7-m/nofp/libc.a(libc_a-freer.o)
__malloc_trim_threshold                           /usr/lib/gcc/arm-none-eabi/14.1.0/../../../../arm-none-eabi/lib/thumb/v7-m/nofp/libc.a(libc_a-mallocr.o)
                                                  /usr/lib/gcc/arm-none-eabi/14.1.0/../../../../arm-none-eabi/lib/thumb/v7-m/nofp/libc.a(libc_a-freer.o)
__malloc_unlock                                   /usr/lib/gcc/arm-none-eabi/14.1.0/../../../../arm-none-eabi/lib/thumb/v7-m/nofp/libc.a(libc_a-mlock.o)
                                                  /usr/lib/gcc/arm-none-eabi/14.1.0/../../../../arm-none-eabi/lib/thumb/v7-m/nofp/libc.a(libc_a-reallocr.o)
                                                  /usr/lib/gcc/arm-none-eabi/14.1.0/../../../../arm-none-eabi/lib/thumb/v7-m/nofp/libc.a(libc_a-mallocr.o)
                                                  /usr/lib/gcc/arm-none-eabi/14.1.0/../../../../arm-none-eabi/lib/thumb/v7-m/nofp/libc.a(libc_a-freer.o)
__match                                           /usr/lib/gcc/arm-none-eabi/14.1.0/../../../../arm-none-eabi/lib/thumb/v7-m/nofp/libc.a(libc_a-gdtoa-hexnan.o)
                                                  /usr/lib/gcc/arm-none-eabi/14.1.0/../../../../arm-none-eabi/lib/thumb/v7-m/nofp/libc.a(libc_a-strtod.o)
__math_check_oflow                                /usr/lib/gcc/arm-none-eabi/14.1.0/../../../../arm-none-eabi/lib/thumb/v7-m/nofp/libm.a(libm_a-math_err.o)
__math_check_uflow                                /usr/lib/gcc/arm-none-eabi/14.1.0/../../../../arm-none-eabi/lib/thumb/v7-m/nofp/libm.a(libm_a-math_err.o)
__math_divzero                                    /usr/lib/gcc/arm-none-eabi/14.1.0/../../../../arm-none-eabi/lib/thumb/v7-m/nofp/libm.a(libm_a-math_err.o)
__math_invalid                                    /usr/lib/gcc/arm-none-eabi/14.1.0/../../../../arm-none-eabi/lib/thumb/v7-m/nofp/libm.a(libm_a-math_err.o)
__math_may_uflow                                  /usr/lib/gcc/arm-none-eabi/14.1.0/../../../../arm-none-eabi/lib/thumb/v7-m/nofp/libm.a(libm_a-math_err.o)
__math_oflow                                      /usr/lib/gcc/arm-none-eabi/14.1.0/../../../../arm-none-eabi/lib/thumb/v7-m/nofp/libm.a(libm_a-math_err.o)
                                                  /usr/lib/gcc/arm-none-eabi/14.1.0/../../../../arm-none-eabi/lib/thumb/v7-m/nofp/libm.a(libm_a-e_pow.o)
__math_uflow                                      /usr/lib/gcc/arm-none-eabi/14.1.0/../../../../arm-none-eabi/lib/thumb/v7-m/nofp/libm.a(libm_a-math_err.o)
                                                  /usr/lib/gcc/arm-none-eabi/14.1.0/../../../../arm-none-eabi/lib/thumb/v7-m/nofp/libm.a(libm_a-e_pow.o)
__mcmp                                            /usr/lib/gcc/arm-none-eabi/14.1.0/../../../../arm-none-eabi/lib/thumb/v7-m/nofp/libc.a(libc_a-mprec.o)
                                                  /usr/lib/gcc/arm-none-eabi/14.1.0/../../../../arm-none-eabi/lib/thumb/v7-m/nofp/libc.a(libc_a-strtod.o)
__mdiff                                           /usr/lib/gcc/arm-none-eabi/14.1.0/../../../../arm-none-eabi/lib/thumb/v7-m/nofp/libc.a(libc_a-mprec.o)
                                                  /usr/lib/gcc/arm-none-eabi/14.1.0/../../../../arm-none-eabi/lib/thumb/v7-m/nofp/libc.a(libc_a-strtod.o)